Archive member included to satisfy reference by file (symbol)

c:/st/stm32cubeide_1.0.2/stm32cubeide/plugins/com.st.stm32cube.ide.mcu.externaltools.gnu-tools-for-stm32.7-2018-q2-update.win32_1.0.0.201904181610/tools/bin/../lib/gcc/arm-none-eabi/7.3.1/../../../../arm-none-eabi/lib/thumb/v7-m\libc_nano.a(lib_a-errno.o)
                              Src/syscalls.o (__errno)
c:/st/stm32cubeide_1.0.2/stm32cubeide/plugins/com.st.stm32cube.ide.mcu.externaltools.gnu-tools-for-stm32.7-2018-q2-update.win32_1.0.0.201904181610/tools/bin/../lib/gcc/arm-none-eabi/7.3.1/../../../../arm-none-eabi/lib/thumb/v7-m\libc_nano.a(lib_a-exit.o)
                              c:/st/stm32cubeide_1.0.2/stm32cubeide/plugins/com.st.stm32cube.ide.mcu.externaltools.gnu-tools-for-stm32.7-2018-q2-update.win32_1.0.0.201904181610/tools/bin/../lib/gcc/arm-none-eabi/7.3.1/../../../../arm-none-eabi/lib/thumb/v7-m/crt0.o (exit)
c:/st/stm32cubeide_1.0.2/stm32cubeide/plugins/com.st.stm32cube.ide.mcu.externaltools.gnu-tools-for-stm32.7-2018-q2-update.win32_1.0.0.201904181610/tools/bin/../lib/gcc/arm-none-eabi/7.3.1/../../../../arm-none-eabi/lib/thumb/v7-m\libc_nano.a(lib_a-impure.o)
                              c:/st/stm32cubeide_1.0.2/stm32cubeide/plugins/com.st.stm32cube.ide.mcu.externaltools.gnu-tools-for-stm32.7-2018-q2-update.win32_1.0.0.201904181610/tools/bin/../lib/gcc/arm-none-eabi/7.3.1/../../../../arm-none-eabi/lib/thumb/v7-m\libc_nano.a(lib_a-exit.o) (_global_impure_ptr)
c:/st/stm32cubeide_1.0.2/stm32cubeide/plugins/com.st.stm32cube.ide.mcu.externaltools.gnu-tools-for-stm32.7-2018-q2-update.win32_1.0.0.201904181610/tools/bin/../lib/gcc/arm-none-eabi/7.3.1/../../../../arm-none-eabi/lib/thumb/v7-m\libc_nano.a(lib_a-init.o)
                              c:/st/stm32cubeide_1.0.2/stm32cubeide/plugins/com.st.stm32cube.ide.mcu.externaltools.gnu-tools-for-stm32.7-2018-q2-update.win32_1.0.0.201904181610/tools/bin/../lib/gcc/arm-none-eabi/7.3.1/../../../../arm-none-eabi/lib/thumb/v7-m/crt0.o (__libc_init_array)
c:/st/stm32cubeide_1.0.2/stm32cubeide/plugins/com.st.stm32cube.ide.mcu.externaltools.gnu-tools-for-stm32.7-2018-q2-update.win32_1.0.0.201904181610/tools/bin/../lib/gcc/arm-none-eabi/7.3.1/../../../../arm-none-eabi/lib/thumb/v7-m\libc_nano.a(lib_a-memset.o)
                              c:/st/stm32cubeide_1.0.2/stm32cubeide/plugins/com.st.stm32cube.ide.mcu.externaltools.gnu-tools-for-stm32.7-2018-q2-update.win32_1.0.0.201904181610/tools/bin/../lib/gcc/arm-none-eabi/7.3.1/../../../../arm-none-eabi/lib/thumb/v7-m/crt0.o (memset)
c:/st/stm32cubeide_1.0.2/stm32cubeide/plugins/com.st.stm32cube.ide.mcu.externaltools.gnu-tools-for-stm32.7-2018-q2-update.win32_1.0.0.201904181610/tools/bin/../lib/gcc/arm-none-eabi/7.3.1/../../../../arm-none-eabi/lib/thumb/v7-m\libm.a(lib_a-s_atan.o)
                              Src/inverse_kinematics.o (atan)
c:/st/stm32cubeide_1.0.2/stm32cubeide/plugins/com.st.stm32cube.ide.mcu.externaltools.gnu-tools-for-stm32.7-2018-q2-update.win32_1.0.0.201904181610/tools/bin/../lib/gcc/arm-none-eabi/7.3.1/../../../../arm-none-eabi/lib/thumb/v7-m\libm.a(lib_a-s_cos.o)
                              Src/inverse_kinematics.o (cos)
c:/st/stm32cubeide_1.0.2/stm32cubeide/plugins/com.st.stm32cube.ide.mcu.externaltools.gnu-tools-for-stm32.7-2018-q2-update.win32_1.0.0.201904181610/tools/bin/../lib/gcc/arm-none-eabi/7.3.1/../../../../arm-none-eabi/lib/thumb/v7-m\libm.a(lib_a-s_fabs.o)
                              c:/st/stm32cubeide_1.0.2/stm32cubeide/plugins/com.st.stm32cube.ide.mcu.externaltools.gnu-tools-for-stm32.7-2018-q2-update.win32_1.0.0.201904181610/tools/bin/../lib/gcc/arm-none-eabi/7.3.1/../../../../arm-none-eabi/lib/thumb/v7-m\libm.a(lib_a-s_atan.o) (fabs)
c:/st/stm32cubeide_1.0.2/stm32cubeide/plugins/com.st.stm32cube.ide.mcu.externaltools.gnu-tools-for-stm32.7-2018-q2-update.win32_1.0.0.201904181610/tools/bin/../lib/gcc/arm-none-eabi/7.3.1/../../../../arm-none-eabi/lib/thumb/v7-m\libm.a(lib_a-s_sin.o)
                              Src/inverse_kinematics.o (sin)
c:/st/stm32cubeide_1.0.2/stm32cubeide/plugins/com.st.stm32cube.ide.mcu.externaltools.gnu-tools-for-stm32.7-2018-q2-update.win32_1.0.0.201904181610/tools/bin/../lib/gcc/arm-none-eabi/7.3.1/../../../../arm-none-eabi/lib/thumb/v7-m\libm.a(lib_a-w_sqrt.o)
                              Src/inverse_kinematics.o (sqrt)
c:/st/stm32cubeide_1.0.2/stm32cubeide/plugins/com.st.stm32cube.ide.mcu.externaltools.gnu-tools-for-stm32.7-2018-q2-update.win32_1.0.0.201904181610/tools/bin/../lib/gcc/arm-none-eabi/7.3.1/../../../../arm-none-eabi/lib/thumb/v7-m\libm.a(lib_a-e_rem_pio2.o)
                              c:/st/stm32cubeide_1.0.2/stm32cubeide/plugins/com.st.stm32cube.ide.mcu.externaltools.gnu-tools-for-stm32.7-2018-q2-update.win32_1.0.0.201904181610/tools/bin/../lib/gcc/arm-none-eabi/7.3.1/../../../../arm-none-eabi/lib/thumb/v7-m\libm.a(lib_a-s_cos.o) (__ieee754_rem_pio2)
[...]
Memory Configuration

Name             Origin             Length             Attributes
RAM              0x0000000020000000 0x0000000000005000 xrw
FLASH            0x0000000008000000 0x0000000000010000 xr
*default*        0x0000000000000000 0xffffffffffffffff

Linker script and memory map

LOAD c:/st/stm32cubeide_1.0.2/stm32cubeide/plugins/com.st.stm32cube.ide.mcu.externaltools.gnu-tools-for-stm32.7-2018-q2-update.win32_1.0.0.201904181610/tools/bin/../lib/gcc/arm-none-eabi/7.3.1/thumb/v7-m/crti.o
LOAD c:/st/stm32cubeide_1.0.2/stm32cubeide/plugins/com.st.stm32cube.ide.mcu.externaltools.gnu-tools-for-stm32.7-2018-q2-update.win32_1.0.0.201904181610/tools/bin/../lib/gcc/arm-none-eabi/7.3.1/thumb/v7-m/crtbegin.o
LOAD c:/st/stm32cubeide_1.0.2/stm32cubeide/plugins/com.st.stm32cube.ide.mcu.externaltools.gnu-tools-for-stm32.7-2018-q2-update.win32_1.0.0.201904181610/tools/bin/../lib/gcc/arm-none-eabi/7.3.1/../../../../arm-none-eabi/lib/thumb/v7-m/crt0.o
LOAD Drivers/STM32F1xx_HAL_Driver/Src/stm32f1xx_hal.o
LOAD Drivers/STM32F1xx_HAL_Driver/Src/stm32f1xx_hal_adc.o
LOAD Drivers/STM32F1xx_HAL_Driver/Src/stm32f1xx_hal_adc_ex.o
LOAD Drivers/STM32F1xx_HAL_Driver/Src/stm32f1xx_hal_cortex.o
LOAD Drivers/STM32F1xx_HAL_Driver/Src/stm32f1xx_hal_dma.o
LOAD Drivers/STM32F1xx_HAL_Driver/Src/stm32f1xx_hal_exti.o
LOAD Drivers/STM32F1xx_HAL_Driver/Src/stm32f1xx_hal_flash.o
LOAD Drivers/STM32F1xx_HAL_Driver/Src/stm32f1xx_hal_flash_ex.o
LOAD Drivers/STM32F1xx_HAL_Driver/Src/stm32f1xx_hal_gpio.o
LOAD Drivers/STM32F1xx_HAL_Driver/Src/stm32f1xx_hal_gpio_ex.o
LOAD Drivers/STM32F1xx_HAL_Driver/Src/stm32f1xx_hal_pcd.o
LOAD Drivers/STM32F1xx_HAL_Driver/Src/stm32f1xx_hal_pcd_ex.o
LOAD Drivers/STM32F1xx_HAL_Driver/Src/stm32f1xx_hal_pwr.o
LOAD Drivers/STM32F1xx_HAL_Driver/Src/stm32f1xx_hal_rcc.o
LOAD Drivers/STM32F1xx_HAL_Driver/Src/stm32f1xx_hal_rcc_ex.o
LOAD Drivers/STM32F1xx_HAL_Driver/Src/stm32f1xx_hal_spi.o
LOAD Drivers/STM32F1xx_HAL_Driver/Src/stm32f1xx_hal_tim.o
LOAD Drivers/STM32F1xx_HAL_Driver/Src/stm32f1xx_hal_tim_ex.o
LOAD Drivers/STM32F1xx_HAL_Driver/Src/stm32f1xx_hal_uart.o
LOAD Drivers/STM32F1xx_HAL_Driver/Src/stm32f1xx_ll_dma.o
LOAD Drivers/STM32F1xx_HAL_Driver/Src/stm32f1xx_ll_exti.o
LOAD Drivers/STM32F1xx_HAL_Driver/Src/stm32f1xx_ll_gpio.o
LOAD Drivers/STM32F1xx_HAL_Driver/Src/stm32f1xx_ll_rcc.o
LOAD Drivers/STM32F1xx_HAL_Driver/Src/stm32f1xx_ll_tim.o
LOAD Drivers/STM32F1xx_HAL_Driver/Src/stm32f1xx_ll_usb.o
LOAD Drivers/STM32F1xx_HAL_Driver/Src/stm32f1xx_ll_utils.o
LOAD Middlewares/Third_Party/FatFs/src/diskio.o
LOAD Middlewares/Third_Party/FatFs/src/ff.o
LOAD Middlewares/Third_Party/FatFs/src/ff_gen_drv.o
LOAD Middlewares/Third_Party/FatFs/src/option/syscall.o
LOAD Src/adc.o
LOAD Src/encoder.o
LOAD Src/fatfs.o
LOAD Src/gpio.o
LOAD Src/inverse_kinematics.o
LOAD Src/main.o
LOAD Src/motor.o
LOAD Src/pid.o
LOAD Src/spi.o
LOAD Src/stm32f1xx_hal_msp.o
LOAD Src/stm32f1xx_it.o
LOAD Src/syscalls.o
LOAD Src/sysmem.o
LOAD Src/system_stm32f1xx.o
LOAD Src/tim.o
LOAD Src/timer.o
LOAD Src/trajectory.o
LOAD Src/usart.o
LOAD Src/usb.o
LOAD Src/user_diskio.o
LOAD Startup/startup_stm32f103c8tx.o
START GROUP
LOAD c:/st/stm32cubeide_1.0.2/stm32cubeide/plugins/com.st.stm32cube.ide.mcu.externaltools.gnu-tools-for-stm32.7-2018-q2-update.win32_1.0.0.201904181610/tools/bin/../lib/gcc/arm-none-eabi/7.3.1/../../../../arm-none-eabi/lib/thumb/v7-m\libc_nano.a
LOAD c:/st/stm32cubeide_1.0.2/stm32cubeide/plugins/com.st.stm32cube.ide.mcu.externaltools.gnu-tools-for-stm32.7-2018-q2-update.win32_1.0.0.201904181610/tools/bin/../lib/gcc/arm-none-eabi/7.3.1/../../../../arm-none-eabi/lib/thumb/v7-m\libm.a
END GROUP
START GROUP
LOAD c:/st/stm32cubeide_1.0.2/stm32cubeide/plugins/com.st.stm32cube.ide.mcu.externaltools.gnu-tools-for-stm32.7-2018-q2-update.win32_1.0.0.201904181610/tools/bin/../lib/gcc/arm-none-eabi/7.3.1/thumb/v7-m\libgcc.a
LOAD c:/st/stm32cubeide_1.0.2/stm32cubeide/plugins/com.st.stm32cube.ide.mcu.externaltools.gnu-tools-for-stm32.7-2018-q2-update.win32_1.0.0.201904181610/tools/bin/../lib/gcc/arm-none-eabi/7.3.1/../../../../arm-none-eabi/lib/thumb/v7-m\libc_nano.a
END GROUP
START GROUP
LOAD c:/st/stm32cubeide_1.0.2/stm32cubeide/plugins/com.st.stm32cube.ide.mcu.externaltools.gnu-tools-for-stm32.7-2018-q2-update.win32_1.0.0.201904181610/tools/bin/../lib/gcc/arm-none-eabi/7.3.1/thumb/v7-m\libgcc.a
LOAD c:/st/stm32cubeide_1.0.2/stm32cubeide/plugins/com.st.stm32cube.ide.mcu.externaltools.gnu-tools-for-stm32.7-2018-q2-update.win32_1.0.0.201904181610/tools/bin/../lib/gcc/arm-none-eabi/7.3.1/../../../../arm-none-eabi/lib/thumb/v7-m\libc_nano.a
LOAD c:/st/stm32cubeide_1.0.2/stm32cubeide/plugins/com.st.stm32cube.ide.mcu.externaltools.gnu-tools-for-stm32.7-2018-q2-update.win32_1.0.0.201904181610/tools/bin/../lib/gcc/arm-none-eabi/7.3.1/../../../../arm-none-eabi/lib/thumb/v7-m\libnosys.a
END GROUP
START GROUP
LOAD c:/st/stm32cubeide_1.0.2/stm32cubeide/plugins/com.st.stm32cube.ide.mcu.externaltools.gnu-tools-for-stm32.7-2018-q2-update.win32_1.0.0.201904181610/tools/bin/../lib/gcc/arm-none-eabi/7.3.1/thumb/v7-m\libgcc.a
LOAD c:/st/stm32cubeide_1.0.2/stm32cubeide/plugins/com.st.stm32cube.ide.mcu.externaltools.gnu-tools-for-stm32.7-2018-q2-update.win32_1.0.0.201904181610/tools/bin/../lib/gcc/arm-none-eabi/7.3.1/../../../../arm-none-eabi/lib/thumb/v7-m\libc_nano.a
LOAD c:/st/stm32cubeide_1.0.2/stm32cubeide/plugins/com.st.stm32cube.ide.mcu.externaltools.gnu-tools-for-stm32.7-2018-q2-update.win32_1.0.0.201904181610/tools/bin/../lib/gcc/arm-none-eabi/7.3.1/../../../../arm-none-eabi/lib/thumb/v7-m\libnosys.a
END GROUP
LOAD c:/st/stm32cubeide_1.0.2/stm32cubeide/plugins/com.st.stm32cube.ide.mcu.externaltools.gnu-tools-for-stm32.7-2018-q2-update.win32_1.0.0.201904181610/tools/bin/../lib/gcc/arm-none-eabi/7.3.1/thumb/v7-m/crtend.o
LOAD c:/st/stm32cubeide_1.0.2/stm32cubeide/plugins/com.st.stm32cube.ide.mcu.externaltools.gnu-tools-for-stm32.7-2018-q2-update.win32_1.0.0.201904181610/tools/bin/../lib/gcc/arm-none-eabi/7.3.1/thumb/v7-m/crtn.o
                0x0000000020005000                _estack = 0x20005000
                0x0000000000000200                _Min_Heap_Size = 0x200
                0x0000000000000400                _Min_Stack_Size = 0x400

.isr_vector     0x0000000008000000      0x10c
                0x0000000008000000                . = ALIGN (0x4)
 *(.isr_vector)
 .isr_vector    0x0000000008000000      0x10c Startup/startup_stm32f103c8tx.o
                0x0000000008000000                g_pfnVectors
                0x000000000800010c                . = ALIGN (0x4)

.text           0x0000000008000110     0x7fe8
                0x0000000008000110                . = ALIGN (0x4)
 *(.text)
 .text          0x0000000008000110       0x40 c:/st/stm32cubeide_1.0.2/stm32cubeide/plugins/com.st.stm32cube.ide.mcu.externaltools.gnu-tools-for-stm32.7-2018-q2-update.win32_1.0.0.201904181610/tools/bin/../lib/gcc/arm-none-eabi/7.3.1/thumb/v7-m/crtbegin.o
 .text          0x0000000008000150      0x378 c:/st/stm32cubeide_1.0.2/stm32cubeide/plugins/com.st.stm32cube.ide.mcu.externaltools.gnu-tools-for-stm32.7-2018-q2-update.win32_1.0.0.201904181610/tools/bin/../lib/gcc/arm-none-eabi/7.3.1/thumb/v7-m\libgcc.a(_arm_addsubdf3.o)
                0x0000000008000150                __aeabi_drsub
                0x0000000008000158                __aeabi_dsub
                0x0000000008000158                __subdf3
                0x000000000800015c                __aeabi_dadd
                0x000000000800015c                __adddf3
                0x00000000080003d4                __floatunsidf
                0x00000000080003d4                __aeabi_ui2d
                0x00000000080003f4                __floatsidf
                0x00000000080003f4                __aeabi_i2d
                0x0000000008000418                __aeabi_f2d
                0x0000000008000418                __extendsfdf2
                0x000000000800045c                __floatundidf
                0x000000000800045c                __aeabi_ul2d
                0x000000000800046c                __floatdidf
                0x000000000800046c                __aeabi_l2d
 .text          0x00000000080004c8      0x424 c:/st/stm32cubeide_1.0.2/stm32cubeide/plugins/com.st.stm32cube.ide.mcu.externaltools.gnu-tools-for-stm32.7-2018-q2-update.win32_1.0.0.201904181610/tools/bin/../lib/gcc/arm-none-eabi/7.3.1/thumb/v7-m\libgcc.a(_arm_muldivdf3.o)
                0x00000000080004c8                __aeabi_dmul
                0x00000000080004c8                __muldf3
                0x000000000800071c                __divdf3
                0x000000000800071c                __aeabi_ddiv
 .text          0x00000000080008ec      0x110 c:/st/stm32cubeide_1.0.2/stm32cubeide/plugins/com.st.stm32cube.ide.mcu.externaltools.gnu-tools-for-stm32.7-2018-q2-update.win32_1.0.0.201904181610/tools/bin/../lib/gcc/arm-none-eabi/7.3.1/thumb/v7-m\libgcc.a(_arm_cmpdf2.o)
                0x00000000080008ec                __gtdf2
                0x00000000080008ec                __gedf2
                0x00000000080008f4                __ltdf2
                0x00000000080008f4                __ledf2
                0x00000000080008fc                __nedf2
                0x00000000080008fc                __eqdf2
                0x00000000080008fc                __cmpdf2
                0x0000000008000978                __aeabi_cdrcmple
                0x0000000008000988                __aeabi_cdcmpeq
                0x0000000008000988                __aeabi_cdcmple
                0x0000000008000998                __aeabi_dcmpeq
                0x00000000080009ac                __aeabi_dcmplt
                0x00000000080009c0                __aeabi_dcmple
                0x00000000080009d4                __aeabi_dcmpge
                0x00000000080009e8                __aeabi_dcmpgt
 .text          0x00000000080009fc       0x2c c:/st/stm32cubeide_1.0.2/stm32cubeide/plugins/com.st.stm32cube.ide.mcu.externaltools.gnu-tools-for-stm32.7-2018-q2-update.win32_1.0.0.201904181610/tools/bin/../lib/gcc/arm-none-eabi/7.3.1/thumb/v7-m\libgcc.a(_arm_unorddf2.o)
                0x00000000080009fc                __unorddf2
                0x00000000080009fc                __aeabi_dcmpun
 .text          0x0000000008000a28       0x50 c:/st/stm32cubeide_1.0.2/stm32cubeide/plugins/com.st.stm32cube.ide.mcu.externaltools.gnu-tools-for-stm32.7-2018-q2-update.win32_1.0.0.201904181610/tools/bin/../lib/gcc/arm-none-eabi/7.3.1/thumb/v7-m\libgcc.a(_arm_fixdfsi.o)
                0x0000000008000a28                __aeabi_d2iz
                0x0000000008000a28                __fixdfsi
 .text          0x0000000008000a78       0xa0 c:/st/stm32cubeide_1.0.2/stm32cubeide/plugins/com.st.stm32cube.ide.mcu.externaltools.gnu-tools-for-stm32.7-2018-q2-update.win32_1.0.0.201904181610/tools/bin/../lib/gcc/arm-none-eabi/7.3.1/thumb/v7-m\libgcc.a(_arm_truncdfsf2.o)
                0x0000000008000a78                __truncdfsf2
                0x0000000008000a78                __aeabi_d2f
 .text          0x0000000008000b18      0x21c c:/st/stm32cubeide_1.0.2/stm32cubeide/plugins/com.st.stm32cube.ide.mcu.externaltools.gnu-tools-for-stm32.7-2018-q2-update.win32_1.0.0.201904181610/tools/bin/../lib/gcc/arm-none-eabi/7.3.1/thumb/v7-m\libgcc.a(_arm_addsubsf3.o)
                0x0000000008000b18                __aeabi_frsub
                0x0000000008000b20                __subsf3
                0x0000000008000b20                __aeabi_fsub
                0x0000000008000b24                __aeabi_fadd
                0x0000000008000b24                __addsf3
                0x0000000008000c84                __aeabi_ui2f
                0x0000000008000c84                __floatunsisf
                0x0000000008000c8c                __aeabi_i2f
                0x0000000008000c8c                __floatsisf
                0x0000000008000ca8                __aeabi_ul2f
                0x0000000008000ca8                __floatundisf
                0x0000000008000cb8                __aeabi_l2f
                0x0000000008000cb8                __floatdisf
 .text          0x0000000008000d34      0x2a0 c:/st/stm32cubeide_1.0.2/stm32cubeide/plugins/com.st.stm32cube.ide.mcu.externaltools.gnu-tools-for-stm32.7-2018-q2-update.win32_1.0.0.201904181610/tools/bin/../lib/gcc/arm-none-eabi/7.3.1/thumb/v7-m\libgcc.a(_arm_muldivsf3.o)
                0x0000000008000d34                __mulsf3
                0x0000000008000d34                __aeabi_fmul
                0x0000000008000e9c                __aeabi_fdiv
                0x0000000008000e9c                __divsf3
 .text          0x0000000008000fd4       0xec c:/st/stm32cubeide_1.0.2/stm32cubeide/plugins/com.st.stm32cube.ide.mcu.externaltools.gnu-tools-for-stm32.7-2018-q2-update.win32_1.0.0.201904181610/tools/bin/../lib/gcc/arm-none-eabi/7.3.1/thumb/v7-m\libgcc.a(_arm_cmpsf2.o)
                0x0000000008000fd4                __gesf2
                0x0000000008000fd4                __gtsf2
                0x0000000008000fdc                __lesf2
                0x0000000008000fdc                __ltsf2
                0x0000000008000fe4                __nesf2
                0x0000000008000fe4                __eqsf2
                0x0000000008000fe4                __cmpsf2
                0x0000000008001044                __aeabi_cfrcmple
                0x000000000800104c                __aeabi_cfcmpeq
                0x000000000800104c                __aeabi_cfcmple
                0x000000000800105c                __aeabi_fcmpeq
                0x0000000008001070                __aeabi_fcmplt
                0x0000000008001084                __aeabi_fcmple
                0x0000000008001098                __aeabi_fcmpge
                0x00000000080010ac                __aeabi_fcmpgt
 .text          0x00000000080010c0       0x4c c:/st/stm32cubeide_1.0.2/stm32cubeide/plugins/com.st.stm32cube.ide.mcu.externaltools.gnu-tools-for-stm32.7-2018-q2-update.win32_1.0.0.201904181610/tools/bin/../lib/gcc/arm-none-eabi/7.3.1/thumb/v7-m\libgcc.a(_arm_fixsfsi.o)
                0x00000000080010c0                __aeabi_f2iz
                0x00000000080010c0                __fixsfsi
 *(.text*)
 .text.HAL_Init
                0x000000000800110c       0x2c Drivers/STM32F1xx_HAL_Driver/Src/stm32f1xx_hal.o
                0x000000000800110c                HAL_Init
 .text.HAL_InitTick
                0x0000000008001138       0x60 Drivers/STM32F1xx_HAL_Driver/Src/stm32f1xx_hal.o
                0x0000000008001138                HAL_InitTick
 .text.HAL_IncTick
                0x0000000008001198       0x24 Drivers/STM32F1xx_HAL_Driver/Src/stm32f1xx_hal.o
                0x0000000008001198                HAL_IncTick
 .text.HAL_GetTick
                0x00000000080011bc       0x14 Drivers/STM32F1xx_HAL_Driver/Src/stm32f1xx_hal.o
                0x00000000080011bc                HAL_GetTick
 .text.HAL_ADC_Init
                0x00000000080011d0      0x1b0 Drivers/STM32F1xx_HAL_Driver/Src/stm32f1xx_hal_adc.o
                0x00000000080011d0                HAL_ADC_Init
 .text.HAL_ADC_ConfigChannel
                0x0000000008001380      0x1f0 Drivers/STM32F1xx_HAL_Driver/Src/stm32f1xx_hal_adc.o
                0x0000000008001380                HAL_ADC_ConfigChannel
 .text.ADC_ConversionStop_Disable
                0x0000000008001570       0x74 Drivers/STM32F1xx_HAL_Driver/Src/stm32f1xx_hal_adc.o
                0x0000000008001570                ADC_ConversionStop_Disable
 .text.__NVIC_SetPriorityGrouping
                0x00000000080015e4       0x48 Drivers/STM32F1xx_HAL_Driver/Src/stm32f1xx_hal_cortex.o
 .text.__NVIC_GetPriorityGrouping
                0x000000000800162c       0x1c Drivers/STM32F1xx_HAL_Driver/Src/stm32f1xx_hal_cortex.o
 .text.__NVIC_EnableIRQ
                0x0000000008001648       0x38 Drivers/STM32F1xx_HAL_Driver/Src/stm32f1xx_hal_cortex.o
 .text.__NVIC_SetPriority
                0x0000000008001680       0x54 Drivers/STM32F1xx_HAL_Driver/Src/stm32f1xx_hal_cortex.o
 .text.NVIC_EncodePriority
                0x00000000080016d4       0x64 Drivers/STM32F1xx_HAL_Driver/Src/stm32f1xx_hal_cortex.o
 .text.SysTick_Config
                0x0000000008001738       0x44 Drivers/STM32F1xx_HAL_Driver/Src/stm32f1xx_hal_cortex.o
 .text.HAL_NVIC_SetPriorityGrouping
                0x000000000800177c       0x16 Drivers/STM32F1xx_HAL_Driver/Src/stm32f1xx_hal_cortex.o
                0x000000000800177c                HAL_NVIC_SetPriorityGrouping
 .text.HAL_NVIC_SetPriority
                0x0000000008001792       0x38 Drivers/STM32F1xx_HAL_Driver/Src/stm32f1xx_hal_cortex.o
                0x0000000008001792                HAL_NVIC_SetPriority
 .text.HAL_NVIC_EnableIRQ
                0x00000000080017ca       0x1c Drivers/STM32F1xx_HAL_Driver/Src/stm32f1xx_hal_cortex.o
                0x00000000080017ca                HAL_NVIC_EnableIRQ
 .text.HAL_SYSTICK_Config
                0x00000000080017e6       0x18 Drivers/STM32F1xx_HAL_Driver/Src/stm32f1xx_hal_cortex.o
                0x00000000080017e6                HAL_SYSTICK_Config
 *fill*         0x00000000080017fe        0x2 
 .text.HAL_GPIO_Init
                0x0000000008001800      0x2b4 Drivers/STM32F1xx_HAL_Driver/Src/stm32f1xx_hal_gpio.o
                0x0000000008001800                HAL_GPIO_Init
 .text.HAL_GPIO_WritePin
                0x0000000008001ab4       0x30 Drivers/STM32F1xx_HAL_Driver/Src/stm32f1xx_hal_gpio.o
                0x0000000008001ab4                HAL_GPIO_WritePin
 .text.HAL_GPIO_EXTI_IRQHandler
                0x0000000008001ae4       0x30 Drivers/STM32F1xx_HAL_Driver/Src/stm32f1xx_hal_gpio.o
                0x0000000008001ae4                HAL_GPIO_EXTI_IRQHandler
 .text.HAL_GPIO_EXTI_Callback
                0x0000000008001b14       0x14 Drivers/STM32F1xx_HAL_Driver/Src/stm32f1xx_hal_gpio.o
                0x0000000008001b14                HAL_GPIO_EXTI_Callback
 .text.HAL_PCD_Init
                0x0000000008001b28      0x1c2 Drivers/STM32F1xx_HAL_Driver/Src/stm32f1xx_hal_pcd.o
                0x0000000008001b28                HAL_PCD_Init
 *fill*         0x0000000008001cea        0x2 
 .text.HAL_RCC_OscConfig
                0x0000000008001cec      0x500 Drivers/STM32F1xx_HAL_Driver/Src/stm32f1xx_hal_rcc.o
                0x0000000008001cec                HAL_RCC_OscConfig
 .text.HAL_RCC_ClockConfig
                0x00000000080021ec      0x1d4 Drivers/STM32F1xx_HAL_Driver/Src/stm32f1xx_hal_rcc.o
                0x00000000080021ec                HAL_RCC_ClockConfig
 .text.HAL_RCC_GetSysClockFreq
                0x00000000080023c0       0xc4 Drivers/STM32F1xx_HAL_Driver/Src/stm32f1xx_hal_rcc.o
                0x00000000080023c0                HAL_RCC_GetSysClockFreq
 .text.HAL_RCC_GetHCLKFreq
                0x0000000008002484       0x14 Drivers/STM32F1xx_HAL_Driver/Src/stm32f1xx_hal_rcc.o
                0x0000000008002484                HAL_RCC_GetHCLKFreq
 .text.HAL_RCC_GetPCLK1Freq
                0x0000000008002498       0x28 Drivers/STM32F1xx_HAL_Driver/Src/stm32f1xx_hal_rcc.o
                0x0000000008002498                HAL_RCC_GetPCLK1Freq
 .text.HAL_RCC_GetPCLK2Freq
                0x00000000080024c0       0x28 Drivers/STM32F1xx_HAL_Driver/Src/stm32f1xx_hal_rcc.o
                0x00000000080024c0                HAL_RCC_GetPCLK2Freq
 .text.RCC_Delay
                0x00000000080024e8       0x3c Drivers/STM32F1xx_HAL_Driver/Src/stm32f1xx_hal_rcc.o
 .text.HAL_RCCEx_PeriphCLKConfig
                0x0000000008002524      0x16c Drivers/STM32F1xx_HAL_Driver/Src/stm32f1xx_hal_rcc_ex.o
                0x0000000008002524                HAL_RCCEx_PeriphCLKConfig
 .text.HAL_SPI_Init
                0x0000000008002690       0xc2 Drivers/STM32F1xx_HAL_Driver/Src/stm32f1xx_hal_spi.o
                0x0000000008002690                HAL_SPI_Init
 .text.HAL_TIM_Encoder_Init
                0x0000000008002752      0x11c Drivers/STM32F1xx_HAL_Driver/Src/stm32f1xx_hal_tim.o
                0x0000000008002752                HAL_TIM_Encoder_Init
 .text.HAL_TIM_Encoder_Start
                0x000000000800286e       0x6e Drivers/STM32F1xx_HAL_Driver/Src/stm32f1xx_hal_tim.o
                0x000000000800286e                HAL_TIM_Encoder_Start
 .text.HAL_TIM_IRQHandler
                0x00000000080028dc      0x210 Drivers/STM32F1xx_HAL_Driver/Src/stm32f1xx_hal_tim.o
                0x00000000080028dc                HAL_TIM_IRQHandler
 .text.HAL_TIM_PeriodElapsedCallback
                0x0000000008002aec       0x12 Drivers/STM32F1xx_HAL_Driver/Src/stm32f1xx_hal_tim.o
                0x0000000008002aec                HAL_TIM_PeriodElapsedCallback
 .text.HAL_TIM_OC_DelayElapsedCallback
                0x0000000008002afe       0x12 Drivers/STM32F1xx_HAL_Driver/Src/stm32f1xx_hal_tim.o
                0x0000000008002afe                HAL_TIM_OC_DelayElapsedCallback
 .text.HAL_TIM_IC_CaptureCallback
                0x0000000008002b10       0x12 Drivers/STM32F1xx_HAL_Driver/Src/stm32f1xx_hal_tim.o
                0x0000000008002b10                HAL_TIM_IC_CaptureCallback
 .text.HAL_TIM_TriggerCallback
                0x0000000008002b22       0x12 Drivers/STM32F1xx_HAL_Driver/Src/stm32f1xx_hal_tim.o
                0x0000000008002b22                HAL_TIM_TriggerCallback
 .text.TIM_Base_SetConfig
                0x0000000008002b34       0xc4 Drivers/STM32F1xx_HAL_Driver/Src/stm32f1xx_hal_tim.o
                0x0000000008002b34                TIM_Base_SetConfig
 .text.TIM_CCxChannelCmd
                0x0000000008002bf8       0x48 Drivers/STM32F1xx_HAL_Driver/Src/stm32f1xx_hal_tim.o
                0x0000000008002bf8                TIM_CCxChannelCmd
 .text.HAL_TIMEx_MasterConfigSynchronization
                0x0000000008002c40       0x88 Drivers/STM32F1xx_HAL_Driver/Src/stm32f1xx_hal_tim_ex.o
                0x0000000008002c40                HAL_TIMEx_MasterConfigSynchronization
 .text.HAL_TIMEx_CommutCallback
                0x0000000008002cc8       0x12 Drivers/STM32F1xx_HAL_Driver/Src/stm32f1xx_hal_tim_ex.o
                0x0000000008002cc8                HAL_TIMEx_CommutCallback
 .text.HAL_TIMEx_BreakCallback
                0x0000000008002cda       0x12 Drivers/STM32F1xx_HAL_Driver/Src/stm32f1xx_hal_tim_ex.o
                0x0000000008002cda                HAL_TIMEx_BreakCallback
 .text.HAL_UART_Init
                0x0000000008002cec       0x9a Drivers/STM32F1xx_HAL_Driver/Src/stm32f1xx_hal_uart.o
                0x0000000008002cec                HAL_UART_Init
 *fill*         0x0000000008002d86        0x2 
 .text.UART_SetConfig
                0x0000000008002d88      0x1b4 Drivers/STM32F1xx_HAL_Driver/Src/stm32f1xx_hal_uart.o
 .text.LL_TIM_SetPrescaler
                0x0000000008002f3c       0x1a Drivers/STM32F1xx_HAL_Driver/Src/stm32f1xx_ll_tim.o
 .text.LL_TIM_SetAutoReload
                0x0000000008002f56       0x1a Drivers/STM32F1xx_HAL_Driver/Src/stm32f1xx_ll_tim.o
 .text.LL_TIM_SetRepetitionCounter
                0x0000000008002f70       0x1a Drivers/STM32F1xx_HAL_Driver/Src/stm32f1xx_ll_tim.o
 .text.LL_TIM_OC_SetCompareCH1
                0x0000000008002f8a       0x1a Drivers/STM32F1xx_HAL_Driver/Src/stm32f1xx_ll_tim.o
 .text.LL_TIM_OC_SetCompareCH2
                0x0000000008002fa4       0x1a Drivers/STM32F1xx_HAL_Driver/Src/stm32f1xx_ll_tim.o
 .text.LL_TIM_OC_SetCompareCH3
                0x0000000008002fbe       0x1a Drivers/STM32F1xx_HAL_Driver/Src/stm32f1xx_ll_tim.o
 .text.LL_TIM_OC_SetCompareCH4
                0x0000000008002fd8       0x1a Drivers/STM32F1xx_HAL_Driver/Src/stm32f1xx_ll_tim.o
 .text.LL_TIM_GenerateEvent_UPDATE
                0x0000000008002ff2       0x1e Drivers/STM32F1xx_HAL_Driver/Src/stm32f1xx_ll_tim.o
 .text.LL_TIM_Init
                0x0000000008003010       0xbc Drivers/STM32F1xx_HAL_Driver/Src/stm32f1xx_ll_tim.o
                0x0000000008003010                LL_TIM_Init
 .text.LL_TIM_OC_Init
                0x00000000080030cc       0x70 Drivers/STM32F1xx_HAL_Driver/Src/stm32f1xx_ll_tim.o
                0x00000000080030cc                LL_TIM_OC_Init
 .text.LL_TIM_BDTR_Init
                0x000000000800313c       0x90 Drivers/STM32F1xx_HAL_Driver/Src/stm32f1xx_ll_tim.o
                0x000000000800313c                LL_TIM_BDTR_Init
 .text.OC1Config
                0x00000000080031cc       0xcc Drivers/STM32F1xx_HAL_Driver/Src/stm32f1xx_ll_tim.o
 .text.OC2Config
                0x0000000008003298       0xd4 Drivers/STM32F1xx_HAL_Driver/Src/stm32f1xx_ll_tim.o
 .text.OC3Config
                0x000000000800336c       0xd4 Drivers/STM32F1xx_HAL_Driver/Src/stm32f1xx_ll_tim.o
 .text.OC4Config
                0x0000000008003440       0xa4 Drivers/STM32F1xx_HAL_Driver/Src/stm32f1xx_ll_tim.o
 .text.USB_CoreInit
                0x00000000080034e4       0x20 Drivers/STM32F1xx_HAL_Driver/Src/stm32f1xx_ll_usb.o
                0x00000000080034e4                USB_CoreInit
 .text.USB_EnableGlobalInt
                0x0000000008003504       0x2e Drivers/STM32F1xx_HAL_Driver/Src/stm32f1xx_ll_usb.o
                0x0000000008003504                USB_EnableGlobalInt
 .text.USB_DisableGlobalInt
                0x0000000008003532       0x38 Drivers/STM32F1xx_HAL_Driver/Src/stm32f1xx_ll_usb.o
                0x0000000008003532                USB_DisableGlobalInt
 .text.USB_SetCurrentMode
                0x000000000800356a       0x18 Drivers/STM32F1xx_HAL_Driver/Src/stm32f1xx_ll_usb.o
                0x000000000800356a                USB_SetCurrentMode
 .text.USB_DevInit
                0x0000000008003582       0x48 Drivers/STM32F1xx_HAL_Driver/Src/stm32f1xx_ll_usb.o
                0x0000000008003582                USB_DevInit
 .text.USB_DevDisconnect
                0x00000000080035ca       0x14 Drivers/STM32F1xx_HAL_Driver/Src/stm32f1xx_ll_usb.o
                0x00000000080035ca                USB_DevDisconnect
 *fill*         0x00000000080035de        0x2 
 .text.FATFS_LinkDriverEx
                0x00000000080035e0       0x94 Middlewares/Third_Party/FatFs/src/ff_gen_drv.o
                0x00000000080035e0                FATFS_LinkDriverEx
 .text.FATFS_LinkDriver
                0x0000000008003674       0x1e Middlewares/Third_Party/FatFs/src/ff_gen_drv.o
                0x0000000008003674                FATFS_LinkDriver
 *fill*         0x0000000008003692        0x2 
 .text.MX_ADC1_Init
                0x0000000008003694       0x7c Src/adc.o
                0x0000000008003694                MX_ADC1_Init
 .text.HAL_ADC_MspInit
                0x0000000008003710       0x78 Src/adc.o
                0x0000000008003710                HAL_ADC_MspInit
 .text.LL_TIM_SetCounter
                0x0000000008003788       0x1a Src/encoder.o
 .text.LL_TIM_GetCounter
                0x00000000080037a2       0x16 Src/encoder.o
 .text.ENCODER_Init
                0x00000000080037b8       0x8c Src/encoder.o
                0x00000000080037b8                ENCODER_Init
 .text.ENCODER_SetZero
                0x0000000008003844       0x1e Src/encoder.o
                0x0000000008003844                ENCODER_SetZero
 *fill*         0x0000000008003862        0x2 
 .text.ENCODER_GetAbsoluteAngle
                0x0000000008003864       0x4c Src/encoder.o
                0x0000000008003864                ENCODER_GetAbsoluteAngle
 .text.ENCODER_UpdateAbsoluteAngle
                0x00000000080038b0       0x24 Src/encoder.o
                0x00000000080038b0                ENCODER_UpdateAbsoluteAngle
 *fill*         0x00000000080038d4        0x4 
 .text.ENCODER_UpdateAbsoluteAngularVelocity
                0x00000000080038d8       0x50 Src/encoder.o
                0x00000000080038d8                ENCODER_UpdateAbsoluteAngularVelocity
 .text.ENCODER_GetAbsoluteAngularVelocity
                0x0000000008003928       0x16 Src/encoder.o
                0x0000000008003928                ENCODER_GetAbsoluteAngularVelocity
 *fill*         0x000000000800393e        0x2 
 .text.MX_FATFS_Init
                0x0000000008003940       0x24 Src/fatfs.o
                0x0000000008003940                MX_FATFS_Init
 .text.MX_GPIO_Init
                0x0000000008003964      0x1a4 Src/gpio.o
                0x0000000008003964                MX_GPIO_Init
 .text.delta_calcAngleYZ
                0x0000000008003b08      0x2f8 Src/inverse_kinematics.o
                0x0000000008003b08                delta_calcAngleYZ
 .text.delta_calcForward
                0x0000000008003e00      0x664 Src/inverse_kinematics.o
                0x0000000008003e00                delta_calcForward
 *fill*         0x0000000008004464        0x4 
 .text.delta_calcInverse
                0x0000000008004468      0x17c Src/inverse_kinematics.o
                0x0000000008004468                delta_calcInverse
 .text.LL_TIM_EnableCounter
                0x00000000080045e4       0x1e Src/main.o
 .text.LL_TIM_EnableIT_UPDATE
                0x0000000008004602       0x1e Src/main.o
 .text.LL_TIM_EnableIT_CC1
                0x0000000008004620       0x1e Src/main.o
 .text.LL_TIM_EnableIT_CC2
                0x000000000800463e       0x1e Src/main.o
 .text.LL_TIM_EnableIT_CC3
                0x000000000800465c       0x1e Src/main.o
 .text.LL_TIM_EnableIT_CC4
                0x000000000800467a       0x1e Src/main.o
 .text.main     0x0000000008004698      0x438 Src/main.o
                0x0000000008004698                main
 .text.SystemClock_Config
                0x0000000008004ad0       0xba Src/main.o
                0x0000000008004ad0                SystemClock_Config
 .text.Error_Handler
                0x0000000008004b8a        0xc Src/main.o
                0x0000000008004b8a                Error_Handler
 .text.LL_TIM_GetAutoReload
                0x0000000008004b96       0x16 Src/motor.o
 .text.MOTOR_SetRequiredSpeed
                0x0000000008004bac       0xba Src/motor.o
                0x0000000008004bac                MOTOR_SetRequiredSpeed
 *fill*         0x0000000008004c66        0x2 
 .text.MOTOR_SetCurrentSpeed
                0x0000000008004c68      0x120 Src/motor.o
                0x0000000008004c68                MOTOR_SetCurrentSpeed
 .text.MOTOR_Init
                0x0000000008004d88      0x110 Src/motor.o
                0x0000000008004d88                MOTOR_Init
 .text.PID_Calc
                0x0000000008004e98      0x120 Src/pid.o
                0x0000000008004e98                PID_Calc
 .text.PID_init
                0x0000000008004fb8      0x1b8 Src/pid.o
                0x0000000008004fb8                PID_init
 .text.PID_Enable
                0x0000000008005170       0x18 Src/pid.o
                0x0000000008005170                PID_Enable
 .text.PID_Disable
                0x0000000008005188       0x18 Src/pid.o
                0x0000000008005188                PID_Disable
 .text.PID_IsEnabled
                0x00000000080051a0       0x16 Src/pid.o
                0x00000000080051a0                PID_IsEnabled
 .text.PID_SetRequired
                0x00000000080051b6       0x1a Src/pid.o
                0x00000000080051b6                PID_SetRequired
 .text.MX_SPI2_Init
                0x00000000080051d0       0x6c Src/spi.o
                0x00000000080051d0                MX_SPI2_Init
 .text.HAL_SPI_MspInit
                0x000000000800523c       0x98 Src/spi.o
                0x000000000800523c                HAL_SPI_MspInit
 .text.HAL_MspInit
                0x00000000080052d4       0x64 Src/stm32f1xx_hal_msp.o
                0x00000000080052d4                HAL_MspInit
 .text.LL_TIM_EnableCounter
                0x0000000008005338       0x1e Src/stm32f1xx_it.o
 .text.LL_TIM_DisableCounter
                0x0000000008005356       0x1e Src/stm32f1xx_it.o
 .text.LL_TIM_ClearFlag_UPDATE
                0x0000000008005374       0x1a Src/stm32f1xx_it.o
 .text.LL_TIM_ClearFlag_CC1
                0x000000000800538e       0x1a Src/stm32f1xx_it.o
 .text.LL_TIM_IsActiveFlag_CC1
                0x00000000080053a8       0x24 Src/stm32f1xx_it.o
 .text.LL_TIM_ClearFlag_CC2
                0x00000000080053cc       0x1a Src/stm32f1xx_it.o
 .text.LL_TIM_IsActiveFlag_CC2
                0x00000000080053e6       0x24 Src/stm32f1xx_it.o
 .text.LL_TIM_ClearFlag_CC3
                0x000000000800540a       0x1a Src/stm32f1xx_it.o
 .text.LL_TIM_IsActiveFlag_CC3
                0x0000000008005424       0x24 Src/stm32f1xx_it.o
 .text.LL_TIM_ClearFlag_CC4
                0x0000000008005448       0x1a Src/stm32f1xx_it.o
 .text.LL_TIM_IsActiveFlag_CC4
                0x0000000008005462       0x24 Src/stm32f1xx_it.o
 .text.NMI_Handler
                0x0000000008005486        0xc Src/stm32f1xx_it.o
                0x0000000008005486                NMI_Handler
 .text.HardFault_Handler
                0x0000000008005492        0x6 Src/stm32f1xx_it.o
                0x0000000008005492                HardFault_Handler
 .text.MemManage_Handler
                0x0000000008005498        0x6 Src/stm32f1xx_it.o
                0x0000000008005498                MemManage_Handler
 .text.BusFault_Handler
                0x000000000800549e        0x6 Src/stm32f1xx_it.o
                0x000000000800549e                BusFault_Handler
 .text.UsageFault_Handler
                0x00000000080054a4        0x6 Src/stm32f1xx_it.o
                0x00000000080054a4                UsageFault_Handler
 .text.SVC_Handler
                0x00000000080054aa        0xc Src/stm32f1xx_it.o
                0x00000000080054aa                SVC_Handler
 .text.DebugMon_Handler
                0x00000000080054b6        0xc Src/stm32f1xx_it.o
                0x00000000080054b6                DebugMon_Handler
 .text.PendSV_Handler
                0x00000000080054c2        0xc Src/stm32f1xx_it.o
                0x00000000080054c2                PendSV_Handler
 .text.SysTick_Handler
                0x00000000080054ce        0xc Src/stm32f1xx_it.o
                0x00000000080054ce                SysTick_Handler
 *fill*         0x00000000080054da        0x2 
 .text.EXTI0_IRQHandler
                0x00000000080054dc       0x38 Src/stm32f1xx_it.o
                0x00000000080054dc                EXTI0_IRQHandler
 .text.EXTI1_IRQHandler
                0x0000000008005514       0x38 Src/stm32f1xx_it.o
                0x0000000008005514                EXTI1_IRQHandler
 .text.EXTI9_5_IRQHandler
                0x000000000800554c       0x38 Src/stm32f1xx_it.o
                0x000000000800554c                EXTI9_5_IRQHandler
 .text.TIM1_BRK_IRQHandler
                0x0000000008005584        0xc Src/stm32f1xx_it.o
                0x0000000008005584                TIM1_BRK_IRQHandler
 .text.TIM1_UP_IRQHandler
                0x0000000008005590       0x3c Src/stm32f1xx_it.o
                0x0000000008005590                TIM1_UP_IRQHandler
 .text.TIM1_TRG_COM_IRQHandler
                0x00000000080055cc        0xc Src/stm32f1xx_it.o
                0x00000000080055cc                TIM1_TRG_COM_IRQHandler
 .text.TIM1_CC_IRQHandler
                0x00000000080055d8      0x2ac Src/stm32f1xx_it.o
                0x00000000080055d8                TIM1_CC_IRQHandler
 .text.TIM2_IRQHandler
                0x0000000008005884       0x14 Src/stm32f1xx_it.o
                0x0000000008005884                TIM2_IRQHandler
 .text.TIM3_IRQHandler
                0x0000000008005898       0x14 Src/stm32f1xx_it.o
                0x0000000008005898                TIM3_IRQHandler
 .text.TIM4_IRQHandler
                0x00000000080058ac       0x14 Src/stm32f1xx_it.o
                0x00000000080058ac                TIM4_IRQHandler
 .text.HAL_TIM_PWM_PulseFinishedCallback
                0x00000000080058c0       0x12 Src/stm32f1xx_it.o
                0x00000000080058c0                HAL_TIM_PWM_PulseFinishedCallback
 *fill*         0x00000000080058d2        0x2 
 .text.SystemInit
                0x00000000080058d4       0x68 Src/system_stm32f1xx.o
                0x00000000080058d4                SystemInit
 .text.__NVIC_GetPriorityGrouping
                0x000000000800593c       0x1c Src/tim.o
 .text.__NVIC_EnableIRQ
                0x0000000008005958       0x38 Src/tim.o
 .text.__NVIC_SetPriority
                0x0000000008005990       0x54 Src/tim.o
 .text.NVIC_EncodePriority
                0x00000000080059e4       0x64 Src/tim.o
 .text.LL_TIM_DisableARRPreload
                0x0000000008005a48       0x1e Src/tim.o
 *fill*         0x0000000008005a66        0x2 
 .text.LL_TIM_OC_DisableFast
                0x0000000008005a68       0x84 Src/tim.o
 .text.LL_TIM_OC_EnablePreload
                0x0000000008005aec       0x84 Src/tim.o
 .text.LL_TIM_SetClockSource
                0x0000000008005b70       0x28 Src/tim.o
 .text.LL_TIM_SetTriggerOutput
                0x0000000008005b98       0x24 Src/tim.o
 .text.LL_TIM_DisableMasterSlaveMode
                0x0000000008005bbc       0x1e Src/tim.o
 *fill*         0x0000000008005bda        0x2 
 .text.LL_APB2_GRP1_EnableClock
                0x0000000008005bdc       0x30 Src/tim.o
 .text.MX_TIM1_Init
                0x0000000008005c0c      0x1f0 Src/tim.o
                0x0000000008005c0c                MX_TIM1_Init
 .text.MX_TIM2_Init
                0x0000000008005dfc       0xa8 Src/tim.o
                0x0000000008005dfc                MX_TIM2_Init
 .text.MX_TIM3_Init
                0x0000000008005ea4       0xa8 Src/tim.o
                0x0000000008005ea4                MX_TIM3_Init
 .text.MX_TIM4_Init
                0x0000000008005f4c       0xa8 Src/tim.o
                0x0000000008005f4c                MX_TIM4_Init
 .text.HAL_TIM_Encoder_MspInit
                0x0000000008005ff4      0x1dc Src/tim.o
                0x0000000008005ff4                HAL_TIM_Encoder_MspInit
 .text.TIMER_IncTimer
                0x00000000080061d0       0x1c Src/timer.o
                0x00000000080061d0                TIMER_IncTimer
 .text.TIMER_SetZero
                0x00000000080061ec       0x18 Src/timer.o
                0x00000000080061ec                TIMER_SetZero
 .text.TIMER_GetTime
                0x0000000008006204       0x16 Src/timer.o
                0x0000000008006204                TIMER_GetTime
 .text.TIMER_Init
                0x000000000800621a       0x1c Src/timer.o
                0x000000000800621a                TIMER_Init
 *fill*         0x0000000008006236        0x2 
 .text.TIMER_UpdateTime
                0x0000000008006238       0x48 Src/timer.o
                0x0000000008006238                TIMER_UpdateTime
 .text.TIMER_Enable
                0x0000000008006280       0x18 Src/timer.o
                0x0000000008006280                TIMER_Enable
 .text.TIMER_IsEnabled
                0x0000000008006298       0x16 Src/timer.o
                0x0000000008006298                TIMER_IsEnabled
 *fill*         0x00000000080062ae        0x2 
 .text.TRAJECTORY_Init
                0x00000000080062b0       0xe8 Src/trajectory.o
                0x00000000080062b0                TRAJECTORY_Init
 .text.TRAJECTORY_SetTrajectory
                0x0000000008006398      0x112 Src/trajectory.o
                0x0000000008006398                TRAJECTORY_SetTrajectory
 *fill*         0x00000000080064aa        0x2 
 .text.TRAJECTORY_StartTrajectory
                0x00000000080064ac       0x2c Src/trajectory.o
                0x00000000080064ac                TRAJECTORY_StartTrajectory
 .text.TRAJECTORY_IsBusy
                0x00000000080064d8       0x18 Src/trajectory.o
                0x00000000080064d8                TRAJECTORY_IsBusy
 .text.TRAJECTORY_MakeStep
                0x00000000080064f0      0x3d4 Src/trajectory.o
                0x00000000080064f0                TRAJECTORY_MakeStep
 .text.MX_USART2_UART_Init
                0x00000000080068c4       0x54 Src/usart.o
                0x00000000080068c4                MX_USART2_UART_Init
 .text.HAL_UART_MspInit
                0x0000000008006918       0x94 Src/usart.o
                0x0000000008006918                HAL_UART_MspInit
 .text.MX_USB_PCD_Init
                0x00000000080069ac       0x44 Src/usb.o
                0x00000000080069ac                MX_USB_PCD_Init
 .text.HAL_PCD_MspInit
                0x00000000080069f0       0x3c Src/usb.o
                0x00000000080069f0                HAL_PCD_MspInit
 .text.USER_initialize
                0x0000000008006a2c       0x24 Src/user_diskio.o
                0x0000000008006a2c                USER_initialize
 .text.USER_status
                0x0000000008006a50       0x24 Src/user_diskio.o
                0x0000000008006a50                USER_status
 .text.USER_read
                0x0000000008006a74       0x1c Src/user_diskio.o
                0x0000000008006a74                USER_read
 .text.USER_write
                0x0000000008006a90       0x1c Src/user_diskio.o
                0x0000000008006a90                USER_write
 .text.USER_ioctl
                0x0000000008006aac       0x20 Src/user_diskio.o
                0x0000000008006aac                USER_ioctl
 .text.Reset_Handler
                0x0000000008006acc       0x48 Startup/startup_stm32f103c8tx.o
                0x0000000008006acc                Reset_Handler
 .text.Default_Handler
                0x0000000008006b14        0x2 Startup/startup_stm32f103c8tx.o
                0x0000000008006b14                RTC_Alarm_IRQHandler
                0x0000000008006b14                EXTI2_IRQHandler
                0x0000000008006b14                PVD_IRQHandler
                0x0000000008006b14                EXTI3_IRQHandler
                0x0000000008006b14                I2C2_EV_IRQHandler
                0x0000000008006b14                ADC1_2_IRQHandler
                0x0000000008006b14                SPI1_IRQHandler
                0x0000000008006b14                TAMPER_IRQHandler
                0x0000000008006b14                DMA1_Channel4_IRQHandler
                0x0000000008006b14                USART3_IRQHandler
                0x0000000008006b14                RTC_IRQHandler
                0x0000000008006b14                DMA1_Channel7_IRQHandler
                0x0000000008006b14                CAN1_RX1_IRQHandler
                0x0000000008006b14                I2C1_EV_IRQHandler
                0x0000000008006b14                DMA1_Channel6_IRQHandler
                0x0000000008006b14                RCC_IRQHandler
                0x0000000008006b14                DMA1_Channel1_IRQHandler
                0x0000000008006b14                Default_Handler
                0x0000000008006b14                EXTI15_10_IRQHandler
                0x0000000008006b14                SPI2_IRQHandler
                0x0000000008006b14                DMA1_Channel5_IRQHandler
                0x0000000008006b14                EXTI4_IRQHandler
                0x0000000008006b14                USB_LP_CAN1_RX0_IRQHandler
                0x0000000008006b14                USB_HP_CAN1_TX_IRQHandler
                0x0000000008006b14                DMA1_Channel3_IRQHandler
                0x0000000008006b14                WWDG_IRQHandler
                0x0000000008006b14                USART2_IRQHandler
                0x0000000008006b14                I2C2_ER_IRQHandler
                0x0000000008006b14                DMA1_Channel2_IRQHandler
                0x0000000008006b14                CAN1_SCE_IRQHandler
                0x0000000008006b14                FLASH_IRQHandler
                0x0000000008006b14                USART1_IRQHandler
                0x0000000008006b14                I2C1_ER_IRQHandler
                0x0000000008006b14                USBWakeUp_IRQHandler
 *fill*         0x0000000008006b16        0x2 
 .text.__errno  0x0000000008006b18        0xc c:/st/stm32cubeide_1.0.2/stm32cubeide/plugins/com.st.stm32cube.ide.mcu.externaltools.gnu-tools-for-stm32.7-2018-q2-update.win32_1.0.0.201904181610/tools/bin/../lib/gcc/arm-none-eabi/7.3.1/../../../../arm-none-eabi/lib/thumb/v7-m\libc_nano.a(lib_a-errno.o)
                0x0000000008006b18                __errno
 .text.__libc_init_array
                0x0000000008006b24       0x48 c:/st/stm32cubeide_1.0.2/stm32cubeide/plugins/com.st.stm32cube.ide.mcu.externaltools.gnu-tools-for-stm32.7-2018-q2-update.win32_1.0.0.201904181610/tools/bin/../lib/gcc/arm-none-eabi/7.3.1/../../../../arm-none-eabi/lib/thumb/v7-m\libc_nano.a(lib_a-init.o)
                0x0000000008006b24                __libc_init_array
 .text.memset   0x0000000008006b6c       0x10 c:/st/stm32cubeide_1.0.2/stm32cubeide/plugins/com.st.stm32cube.ide.mcu.externaltools.gnu-tools-for-stm32.7-2018-q2-update.win32_1.0.0.201904181610/tools/bin/../lib/gcc/arm-none-eabi/7.3.1/../../../../arm-none-eabi/lib/thumb/v7-m\libc_nano.a(lib_a-memset.o)
                0x0000000008006b6c                memset
 *fill*         0x0000000008006b7c        0x4 
 .text.atan     0x0000000008006b80      0x314 c:/st/stm32cubeide_1.0.2/stm32cubeide/plugins/com.st.stm32cube.ide.mcu.externaltools.gnu-tools-for-stm32.7-2018-q2-update.win32_1.0.0.201904181610/tools/bin/../lib/gcc/arm-none-eabi/7.3.1/../../../../arm-none-eabi/lib/thumb/v7-m\libm.a(lib_a-s_atan.o)
                0x0000000008006b80                atan
 .text.cos      0x0000000008006e94       0x6c c:/st/stm32cubeide_1.0.2/stm32cubeide/plugins/com.st.stm32cube.ide.mcu.externaltools.gnu-tools-for-stm32.7-2018-q2-update.win32_1.0.0.201904181610/tools/bin/../lib/gcc/arm-none-eabi/7.3.1/../../../../arm-none-eabi/lib/thumb/v7-m\libm.a(lib_a-s_cos.o)
                0x0000000008006e94                cos
 .text.fabs     0x0000000008006f00        0x8 c:/st/stm32cubeide_1.0.2/stm32cubeide/plugins/com.st.stm32cube.ide.mcu.externaltools.gnu-tools-for-stm32.7-2018-q2-update.win32_1.0.0.201904181610/tools/bin/../lib/gcc/arm-none-eabi/7.3.1/../../../../arm-none-eabi/lib/thumb/v7-m\libm.a(lib_a-s_fabs.o)
                0x0000000008006f00                fabs
 .text.sin      0x0000000008006f08       0x74 c:/st/stm32cubeide_1.0.2/stm32cubeide/plugins/com.st.stm32cube.ide.mcu.externaltools.gnu-tools-for-stm32.7-2018-q2-update.win32_1.0.0.201904181610/tools/bin/../lib/gcc/arm-none-eabi/7.3.1/../../../../arm-none-eabi/lib/thumb/v7-m\libm.a(lib_a-s_sin.o)
                0x0000000008006f08                sin
 .text.sqrt     0x0000000008006f7c       0xa8 c:/st/stm32cubeide_1.0.2/stm32cubeide/plugins/com.st.stm32cube.ide.mcu.externaltools.gnu-tools-for-stm32.7-2018-q2-update.win32_1.0.0.201904181610/tools/bin/../lib/gcc/arm-none-eabi/7.3.1/../../../../arm-none-eabi/lib/thumb/v7-m\libm.a(lib_a-w_sqrt.o)
                0x0000000008006f7c                sqrt
 *fill*         0x0000000008007024        0x4 
 .text.__ieee754_rem_pio2
                0x0000000008007028      0x3e0 c:/st/stm32cubeide_1.0.2/stm32cubeide/plugins/com.st.stm32cube.ide.mcu.externaltools.gnu-tools-for-stm32.7-2018-q2-update.win32_1.0.0.201904181610/tools/bin/../lib/gcc/arm-none-eabi/7.3.1/../../../../arm-none-eabi/lib/thumb/v7-m\libm.a(lib_a-e_rem_pio2.o)
                0x0000000008007028                __ieee754_rem_pio2
 .text.__ieee754_sqrt
                0x0000000008007408      0x158 c:/st/stm32cubeide_1.0.2/stm32cubeide/plugins/com.st.stm32cube.ide.mcu.externaltools.gnu-tools-for-stm32.7-2018-q2-update.win32_1.0.0.201904181610/tools/bin/../lib/gcc/arm-none-eabi/7.3.1/../../../../arm-none-eabi/lib/thumb/v7-m\libm.a(lib_a-e_sqrt.o)
                0x0000000008007408                __ieee754_sqrt
 .text.__kernel_cos
                0x0000000008007560      0x17c c:/st/stm32cubeide_1.0.2/stm32cubeide/plugins/com.st.stm32cube.ide.mcu.externaltools.gnu-tools-for-stm32.7-2018-q2-update.win32_1.0.0.201904181610/tools/bin/../lib/gcc/arm-none-eabi/7.3.1/../../../../arm-none-eabi/lib/thumb/v7-m\libm.a(lib_a-k_cos.o)
                0x0000000008007560                __kernel_cos
 .text.__kernel_rem_pio2
                0x00000000080076dc      0x694 c:/st/stm32cubeide_1.0.2/stm32cubeide/plugins/com.st.stm32cube.ide.mcu.externaltools.gnu-tools-for-stm32.7-2018-q2-update.win32_1.0.0.201904181610/tools/bin/../lib/gcc/arm-none-eabi/7.3.1/../../../../arm-none-eabi/lib/thumb/v7-m\libm.a(lib_a-k_rem_pio2.o)
                0x00000000080076dc                __kernel_rem_pio2
 .text.__kernel_sin
                0x0000000008007d70      0x16c c:/st/stm32cubeide_1.0.2/stm32cubeide/plugins/com.st.stm32cube.ide.mcu.externaltools.gnu-tools-for-stm32.7-2018-q2-update.win32_1.0.0.201904181610/tools/bin/../lib/gcc/arm-none-eabi/7.3.1/../../../../arm-none-eabi/lib/thumb/v7-m\libm.a(lib_a-k_sin.o)
                0x0000000008007d70                __kernel_sin
 *fill*         0x0000000008007edc        0x4 
 .text.floor    0x0000000008007ee0      0x108 c:/st/stm32cubeide_1.0.2/stm32cubeide/plugins/com.st.stm32cube.ide.mcu.externaltools.gnu-tools-for-stm32.7-2018-q2-update.win32_1.0.0.201904181610/tools/bin/../lib/gcc/arm-none-eabi/7.3.1/../../../../arm-none-eabi/lib/thumb/v7-m\libm.a(lib_a-s_floor.o)
                0x0000000008007ee0                floor
 .text.matherr  0x0000000008007fe8        0x4 c:/st/stm32cubeide_1.0.2/stm32cubeide/plugins/com.st.stm32cube.ide.mcu.externaltools.gnu-tools-for-stm32.7-2018-q2-update.win32_1.0.0.201904181610/tools/bin/../lib/gcc/arm-none-eabi/7.3.1/../../../../arm-none-eabi/lib/thumb/v7-m\libm.a(lib_a-s_matherr.o)
                0x0000000008007fe8                matherr
 *fill*         0x0000000008007fec        0x4 
 .text.scalbn   0x0000000008007ff0       0xdc c:/st/stm32cubeide_1.0.2/stm32cubeide/plugins/com.st.stm32cube.ide.mcu.externaltools.gnu-tools-for-stm32.7-2018-q2-update.win32_1.0.0.201904181610/tools/bin/../lib/gcc/arm-none-eabi/7.3.1/../../../../arm-none-eabi/lib/thumb/v7-m\libm.a(lib_a-s_scalbn.o)
                0x0000000008007ff0                scalbn
 .text.copysign
                0x00000000080080cc       0x12 c:/st/stm32cubeide_1.0.2/stm32cubeide/plugins/com.st.stm32cube.ide.mcu.externaltools.gnu-tools-for-stm32.7-2018-q2-update.win32_1.0.0.201904181610/tools/bin/../lib/gcc/arm-none-eabi/7.3.1/../../../../arm-none-eabi/lib/thumb/v7-m\libm.a(lib_a-s_copysign.o)
                0x00000000080080cc                copysign
 *(.glue_7)
 .glue_7        0x00000000080080de        0x0 linker stubs
 *(.glue_7t)
 .glue_7t       0x00000000080080de        0x0 linker stubs
 *(.eh_frame)
 *fill*         0x00000000080080de        0x2 
 .eh_frame      0x00000000080080e0        0x0 c:/st/stm32cubeide_1.0.2/stm32cubeide/plugins/com.st.stm32cube.ide.mcu.externaltools.gnu-tools-for-stm32.7-2018-q2-update.win32_1.0.0.201904181610/tools/bin/../lib/gcc/arm-none-eabi/7.3.1/thumb/v7-m/crtbegin.o
 *(.init)
 .init          0x00000000080080e0        0x4 c:/st/stm32cubeide_1.0.2/stm32cubeide/plugins/com.st.stm32cube.ide.mcu.externaltools.gnu-tools-for-stm32.7-2018-q2-update.win32_1.0.0.201904181610/tools/bin/../lib/gcc/arm-none-eabi/7.3.1/thumb/v7-m/crti.o
                0x00000000080080e0                _init
 .init          0x00000000080080e4        0x8 c:/st/stm32cubeide_1.0.2/stm32cubeide/plugins/com.st.stm32cube.ide.mcu.externaltools.gnu-tools-for-stm32.7-2018-q2-update.win32_1.0.0.201904181610/tools/bin/../lib/gcc/arm-none-eabi/7.3.1/thumb/v7-m/crtn.o
 *(.fini)
 .fini          0x00000000080080ec        0x4 c:/st/stm32cubeide_1.0.2/stm32cubeide/plugins/com.st.stm32cube.ide.mcu.externaltools.gnu-tools-for-stm32.7-2018-q2-update.win32_1.0.0.201904181610/tools/bin/../lib/gcc/arm-none-eabi/7.3.1/thumb/v7-m/crti.o
                0x00000000080080ec                _fini
 .fini          0x00000000080080f0        0x8 c:/st/stm32cubeide_1.0.2/stm32cubeide/plugins/com.st.stm32cube.ide.mcu.externaltools.gnu-tools-for-stm32.7-2018-q2-update.win32_1.0.0.201904181610/tools/bin/../lib/gcc/arm-none-eabi/7.3.1/thumb/v7-m/crtn.o
                0x00000000080080f8                . = ALIGN (0x4)
                0x00000000080080f8                _etext = .

.vfp11_veneer   0x00000000080080f8        0x0
 .vfp11_veneer  0x00000000080080f8        0x0 linker stubs

.v4_bx          0x00000000080080f8        0x0
 .v4_bx         0x00000000080080f8        0x0 linker stubs

.iplt           0x00000000080080f8        0x0
 .iplt          0x00000000080080f8        0x0 c:/st/stm32cubeide_1.0.2/stm32cubeide/plugins/com.st.stm32cube.ide.mcu.externaltools.gnu-tools-for-stm32.7-2018-q2-update.win32_1.0.0.201904181610/tools/bin/../lib/gcc/arm-none-eabi/7.3.1/thumb/v7-m/crtbegin.o

.rodata         0x00000000080080f8      0x260
                0x00000000080080f8                . = ALIGN (0x4)
 *(.rodata)
 .rodata        0x00000000080080f8       0x12 Drivers/STM32F1xx_HAL_Driver/Src/stm32f1xx_hal_rcc.o
 *(.rodata*)
 *fill*         0x000000000800810a        0x2 
 .rodata.AHBPrescTable
                0x000000000800810c       0x10 Src/system_stm32f1xx.o
                0x000000000800810c                AHBPrescTable
 .rodata.APBPrescTable
                0x000000000800811c        0x8 Src/system_stm32f1xx.o
                0x000000000800811c                APBPrescTable
 .rodata.OFFSET_TAB_CCMRx
                0x0000000008008124        0x7 Src/tim.o
 *fill*         0x000000000800812b        0x1 
 .rodata.SHIFT_TAB_OCxx
                0x000000000800812c        0x7 Src/tim.o
 *fill*         0x0000000008008133        0x5 
 .rodata.atanhi
                0x0000000008008138       0x20 c:/st/stm32cubeide_1.0.2/stm32cubeide/plugins/com.st.stm32cube.ide.mcu.externaltools.gnu-tools-for-stm32.7-2018-q2-update.win32_1.0.0.201904181610/tools/bin/../lib/gcc/arm-none-eabi/7.3.1/../../../../arm-none-eabi/lib/thumb/v7-m\libm.a(lib_a-s_atan.o)
 .rodata.atanlo
                0x0000000008008158       0x20 c:/st/stm32cubeide_1.0.2/stm32cubeide/plugins/com.st.stm32cube.ide.mcu.externaltools.gnu-tools-for-stm32.7-2018-q2-update.win32_1.0.0.201904181610/tools/bin/../lib/gcc/arm-none-eabi/7.3.1/../../../../arm-none-eabi/lib/thumb/v7-m\libm.a(lib_a-s_atan.o)
 .rodata.sqrt.str1.1
                0x0000000008008178        0x5 c:/st/stm32cubeide_1.0.2/stm32cubeide/plugins/com.st.stm32cube.ide.mcu.externaltools.gnu-tools-for-stm32.7-2018-q2-update.win32_1.0.0.201904181610/tools/bin/../lib/gcc/arm-none-eabi/7.3.1/../../../../arm-none-eabi/lib/thumb/v7-m\libm.a(lib_a-w_sqrt.o)
 *fill*         0x000000000800817d        0x3 
 .rodata.npio2_hw
                0x0000000008008180       0x80 c:/st/stm32cubeide_1.0.2/stm32cubeide/plugins/com.st.stm32cube.ide.mcu.externaltools.gnu-tools-for-stm32.7-2018-q2-update.win32_1.0.0.201904181610/tools/bin/../lib/gcc/arm-none-eabi/7.3.1/../../../../arm-none-eabi/lib/thumb/v7-m\libm.a(lib_a-e_rem_pio2.o)
 .rodata.two_over_pi
                0x0000000008008200      0x108 c:/st/stm32cubeide_1.0.2/stm32cubeide/plugins/com.st.stm32cube.ide.mcu.externaltools.gnu-tools-for-stm32.7-2018-q2-update.win32_1.0.0.201904181610/tools/bin/../lib/gcc/arm-none-eabi/7.3.1/../../../../arm-none-eabi/lib/thumb/v7-m\libm.a(lib_a-e_rem_pio2.o)
 .rodata.PIo2   0x0000000008008308       0x40 c:/st/stm32cubeide_1.0.2/stm32cubeide/plugins/com.st.stm32cube.ide.mcu.externaltools.gnu-tools-for-stm32.7-2018-q2-update.win32_1.0.0.201904181610/tools/bin/../lib/gcc/arm-none-eabi/7.3.1/../../../../arm-none-eabi/lib/thumb/v7-m\libm.a(lib_a-k_rem_pio2.o)
 .rodata.init_jk
                0x0000000008008348       0x10 c:/st/stm32cubeide_1.0.2/stm32cubeide/plugins/com.st.stm32cube.ide.mcu.externaltools.gnu-tools-for-stm32.7-2018-q2-update.win32_1.0.0.201904181610/tools/bin/../lib/gcc/arm-none-eabi/7.3.1/../../../../arm-none-eabi/lib/thumb/v7-m\libm.a(lib_a-k_rem_pio2.o)
                0x0000000008008358                . = ALIGN (0x4)

.rel.dyn        0x0000000008008358        0x0
 .rel.iplt      0x0000000008008358        0x0 c:/st/stm32cubeide_1.0.2/stm32cubeide/plugins/com.st.stm32cube.ide.mcu.externaltools.gnu-tools-for-stm32.7-2018-q2-update.win32_1.0.0.201904181610/tools/bin/../lib/gcc/arm-none-eabi/7.3.1/thumb/v7-m/crtbegin.o

.ARM.extab      0x0000000008008358        0x0
                0x0000000008008358                . = ALIGN (0x4)
 *(.ARM.extab* .gnu.linkonce.armextab.*)
                0x0000000008008358                . = ALIGN (0x4)

.ARM            0x0000000008008358        0x0
                0x0000000008008358                . = ALIGN (0x4)
                0x0000000008008358                __exidx_start = .
 *(.ARM.exidx*)
                0x0000000008008358                __exidx_end = .
                0x0000000008008358                . = ALIGN (0x4)

.preinit_array  0x0000000008008358        0x0
                0x0000000008008358                . = ALIGN (0x4)
                0x0000000008008358                PROVIDE (__preinit_array_start = .)
 *(.preinit_array*)
                0x0000000008008358                PROVIDE (__preinit_array_end = .)
                0x0000000008008358                . = ALIGN (0x4)

.init_array     0x0000000008008358        0x4
                0x0000000008008358                . = ALIGN (0x4)
                0x0000000008008358                PROVIDE (__init_array_start = .)
 *(SORT_BY_NAME(.init_array.*))
 *(.init_array*)
 .init_array    0x0000000008008358        0x4 c:/st/stm32cubeide_1.0.2/stm32cubeide/plugins/com.st.stm32cube.ide.mcu.externaltools.gnu-tools-for-stm32.7-2018-q2-update.win32_1.0.0.201904181610/tools/bin/../lib/gcc/arm-none-eabi/7.3.1/thumb/v7-m/crtbegin.o
                0x000000000800835c                PROVIDE (__init_array_end = .)
                0x000000000800835c                . = ALIGN (0x4)

.fini_array     0x000000000800835c        0x4
                0x000000000800835c                . = ALIGN (0x4)
                [!provide]                        PROVIDE (__fini_array_start = .)
 *(SORT_BY_NAME(.fini_array.*))
 *(.fini_array*)
 .fini_array    0x000000000800835c        0x4 c:/st/stm32cubeide_1.0.2/stm32cubeide/plugins/com.st.stm32cube.ide.mcu.externaltools.gnu-tools-for-stm32.7-2018-q2-update.win32_1.0.0.201904181610/tools/bin/../lib/gcc/arm-none-eabi/7.3.1/thumb/v7-m/crtbegin.o
                [!provide]                        PROVIDE (__fini_array_end = .)
                0x0000000008008360                . = ALIGN (0x4)
                0x0000000008008360                _sidata = LOADADDR (.data)

.data           0x0000000020000000       0x8c load address 0x0000000008008360
                0x0000000020000000                . = ALIGN (0x4)
                0x0000000020000000                _sdata = .
 *(.data)
 *(.data*)
 .data.uwTickPrio
                0x0000000020000000        0x4 Drivers/STM32F1xx_HAL_Driver/Src/stm32f1xx_hal.o
                0x0000000020000000                uwTickPrio
 .data.uwTickFreq
                0x0000000020000004        0x1 Drivers/STM32F1xx_HAL_Driver/Src/stm32f1xx_hal.o
                0x0000000020000004                uwTickFreq
 *fill*         0x0000000020000005        0x3 
 .data.SystemCoreClock
                0x0000000020000008        0x4 Src/system_stm32f1xx.o
                0x0000000020000008                SystemCoreClock
 .data.Stat     0x000000002000000c        0x1 Src/user_diskio.o
 *fill*         0x000000002000000d        0x3 
 .data.USER_Driver
                0x0000000020000010       0x14 Src/user_diskio.o
                0x0000000020000010                USER_Driver
 .data._impure_ptr
                0x0000000020000024        0x4 c:/st/stm32cubeide_1.0.2/stm32cubeide/plugins/com.st.stm32cube.ide.mcu.externaltools.gnu-tools-for-stm32.7-2018-q2-update.win32_1.0.0.201904181610/tools/bin/../lib/gcc/arm-none-eabi/7.3.1/../../../../arm-none-eabi/lib/thumb/v7-m\libc_nano.a(lib_a-impure.o)
                0x0000000020000024                _impure_ptr
 .data.impure_data
                0x0000000020000028       0x60 c:/st/stm32cubeide_1.0.2/stm32cubeide/plugins/com.st.stm32cube.ide.mcu.externaltools.gnu-tools-for-stm32.7-2018-q2-update.win32_1.0.0.201904181610/tools/bin/../lib/gcc/arm-none-eabi/7.3.1/../../../../arm-none-eabi/lib/thumb/v7-m\libc_nano.a(lib_a-impure.o)
 .data.__fdlib_version
                0x0000000020000088        0x1 c:/st/stm32cubeide_1.0.2/stm32cubeide/plugins/com.st.stm32cube.ide.mcu.externaltools.gnu-tools-for-stm32.7-2018-q2-update.win32_1.0.0.201904181610/tools/bin/../lib/gcc/arm-none-eabi/7.3.1/../../../../arm-none-eabi/lib/thumb/v7-m\libm.a(lib_a-s_lib_ver.o)
                0x0000000020000088                __fdlib_version
                0x000000002000008c                . = ALIGN (0x4)
 *fill*         0x0000000020000089        0x3 
                0x000000002000008c                _edata = .

.igot.plt       0x000000002000008c        0x0 load address 0x00000000080083ec
 .igot.plt      0x000000002000008c        0x0 c:/st/stm32cubeide_1.0.2/stm32cubeide/plugins/com.st.stm32cube.ide.mcu.externaltools.gnu-tools-for-stm32.7-2018-q2-update.win32_1.0.0.201904181610/tools/bin/../lib/gcc/arm-none-eabi/7.3.1/thumb/v7-m/crtbegin.o
                0x000000002000008c                . = ALIGN (0x4)

.bss            0x000000002000008c      0xa84 load address 0x00000000080083ec
                0x000000002000008c                _sbss = .
                0x000000002000008c                __bss_start__ = _sbss
 *(.bss)
 .bss           0x000000002000008c       0x1c c:/st/stm32cubeide_1.0.2/stm32cubeide/plugins/com.st.stm32cube.ide.mcu.externaltools.gnu-tools-for-stm32.7-2018-q2-update.win32_1.0.0.201904181610/tools/bin/../lib/gcc/arm-none-eabi/7.3.1/thumb/v7-m/crtbegin.o
 *(.bss*)
 .bss.disk      0x00000000200000a8        0xc Middlewares/Third_Party/FatFs/src/ff_gen_drv.o
                0x00000000200000a8                disk
 .bss.i         0x00000000200000b4        0x4 Src/main.o
                0x00000000200000b4                i
 *(COMMON)
 COMMON         0x00000000200000b8        0x4 Drivers/STM32F1xx_HAL_Driver/Src/stm32f1xx_hal.o
                0x00000000200000b8                uwTick
 COMMON         0x00000000200000bc       0x30 Src/adc.o
                0x00000000200000bc                hadc1
 COMMON         0x00000000200000ec       0x30 Src/encoder.o
                0x00000000200000ec                ENCODER_2
                0x00000000200000fc                ENCODER_1
                0x000000002000010c                ENCODER_0
 COMMON         0x000000002000011c      0x464 Src/fatfs.o
                0x000000002000011c                USERPath
                0x0000000020000120                retUSER
                0x0000000020000124                USERFile
                0x0000000020000350                USERFatFS
 COMMON         0x0000000020000580       0x28 Src/main.o
                0x0000000020000580                yi
                0x0000000020000584                zi
                0x0000000020000588                new_x
                0x000000002000058c                theta2
                0x0000000020000590                new_y
                0x0000000020000594                old_x
                0x0000000020000598                old_y
                0x000000002000059c                theta1
                0x00000000200005a0                xi
                0x00000000200005a4                theta3
 COMMON         0x00000000200005a8       0x60 Src/motor.o
                0x00000000200005a8                MOTOR_1
                0x00000000200005c8                MOTOR_2
                0x00000000200005e8                MOTOR_0
 COMMON         0x0000000020000608       0xc0 Src/pid.o
                0x0000000020000608                PID_2_Speed
                0x0000000020000628                PID_0_Pos
                0x0000000020000648                PID_1_Speed
                0x0000000020000668                PID_2_Pos
                0x0000000020000688                PID_1_Pos
                0x00000000200006a8                PID_0_Speed
 COMMON         0x00000000200006c8       0x58 Src/spi.o
                0x00000000200006c8                hspi2
 COMMON         0x0000000020000720       0xc0 Src/tim.o
                0x0000000020000720                htim4
                0x0000000020000760                htim3
                0x00000000200007a0                htim2
 COMMON         0x00000000200007e0        0xc Src/timer.o
                0x00000000200007e0                TIMER_0
 COMMON         0x00000000200007ec       0x78 Src/trajectory.o
                0x00000000200007ec                TRAJECTORY
 COMMON         0x0000000020000864       0x40 Src/usart.o
                0x0000000020000864                huart2
 COMMON         0x00000000200008a4      0x26c Src/usb.o
                0x00000000200008a4                hpcd_USB_FS
                0x0000000020000b10                . = ALIGN (0x4)
                0x0000000020000b10                _ebss = .
                0x0000000020000b10                __bss_end__ = _ebss

._user_heap_stack
                0x0000000020000b10      0x600 load address 0x00000000080083ec
                0x0000000020000b10                . = ALIGN (0x8)
                0x0000000020000b10                PROVIDE (end = .)
                [!provide]                        PROVIDE (_end = .)
                0x0000000020000d10                . = (. + _Min_Heap_Size)
 *fill*         0x0000000020000b10      0x200 
                0x0000000020001110                . = (. + _Min_Stack_Size)
 *fill*         0x0000000020000d10      0x400 
                0x0000000020001110                . = ALIGN (0x8)

/DISCARD/
 libc.a(*)
 libm.a(*)
 libgcc.a(*)

.ARM.attributes
                0x0000000000000000       0x29
 *(.ARM.attributes)
 .ARM.attributes
                0x0000000000000000       0x1d c:/st/stm32cubeide_1.0.2/stm32cubeide/plugins/com.st.stm32cube.ide.mcu.externaltools.gnu-tools-for-stm32.7-2018-q2-update.win32_1.0.0.201904181610/tools/bin/../lib/gcc/arm-none-eabi/7.3.1/thumb/v7-m/crti.o
 .ARM.attributes
                0x000000000000001d       0x2d c:/st/stm32cubeide_1.0.2/stm32cubeide/plugins/com.st.stm32cube.ide.mcu.externaltools.gnu-tools-for-stm32.7-2018-q2-update.win32_1.0.0.201904181610/tools/bin/../lib/gcc/arm-none-eabi/7.3.1/thumb/v7-m/crtbegin.o
 .ARM.attributes
                0x000000000000004a       0x33 Drivers/STM32F1xx_HAL_Driver/Src/stm32f1xx_hal.o
 .ARM.attributes
                0x000000000000007d       0x33 Drivers/STM32F1xx_HAL_Driver/Src/stm32f1xx_hal_adc.o
 .ARM.attributes
                0x00000000000000b0       0x33 Drivers/STM32F1xx_HAL_Driver/Src/stm32f1xx_hal_cortex.o
 .ARM.attributes
                0x00000000000000e3       0x33 Drivers/STM32F1xx_HAL_Driver/Src/stm32f1xx_hal_gpio.o
 .ARM.attributes
                0x0000000000000116       0x33 Drivers/STM32F1xx_HAL_Driver/Src/stm32f1xx_hal_pcd.o
 .ARM.attributes
                0x0000000000000149       0x33 Drivers/STM32F1xx_HAL_Driver/Src/stm32f1xx_hal_rcc.o
 .ARM.attributes
                0x000000000000017c       0x33 Drivers/STM32F1xx_HAL_Driver/Src/stm32f1xx_hal_rcc_ex.o
 .ARM.attributes
                0x00000000000001af       0x33 Drivers/STM32F1xx_HAL_Driver/Src/stm32f1xx_hal_spi.o
 .ARM.attributes
                0x00000000000001e2       0x33 Drivers/STM32F1xx_HAL_Driver/Src/stm32f1xx_hal_tim.o
 .ARM.attributes
                0x0000000000000215       0x33 Drivers/STM32F1xx_HAL_Driver/Src/stm32f1xx_hal_tim_ex.o
 .ARM.attributes
                0x0000000000000248       0x33 Drivers/STM32F1xx_HAL_Driver/Src/stm32f1xx_hal_uart.o
 .ARM.attributes
                0x000000000000027b       0x33 Drivers/STM32F1xx_HAL_Driver/Src/stm32f1xx_ll_tim.o
 .ARM.attributes
                0x00000000000002ae       0x33 Drivers/STM32F1xx_HAL_Driver/Src/stm32f1xx_ll_usb.o
 .ARM.attributes
                0x00000000000002e1       0x33 Middlewares/Third_Party/FatFs/src/ff_gen_drv.o
 .ARM.attributes
                0x0000000000000314       0x33 Src/adc.o
 .ARM.attributes
                0x0000000000000347       0x33 Src/encoder.o
 .ARM.attributes
                0x000000000000037a       0x33 Src/fatfs.o
 .ARM.attributes
                0x00000000000003ad       0x33 Src/gpio.o
 .ARM.attributes
                0x00000000000003e0       0x33 Src/inverse_kinematics.o
 .ARM.attributes
                0x0000000000000413       0x33 Src/main.o
 .ARM.attributes
                0x0000000000000446       0x33 Src/motor.o
 .ARM.attributes
                0x0000000000000479       0x33 Src/pid.o
 .ARM.attributes
                0x00000000000004ac       0x33 Src/spi.o
 .ARM.attributes
                0x00000000000004df       0x33 Src/stm32f1xx_hal_msp.o
 .ARM.attributes
                0x0000000000000512       0x33 Src/stm32f1xx_it.o
 .ARM.attributes
                0x0000000000000545       0x33 Src/system_stm32f1xx.o
 .ARM.attributes
                0x0000000000000578       0x33 Src/tim.o
 .ARM.attributes
                0x00000000000005ab       0x33 Src/timer.o
 .ARM.attributes
                0x00000000000005de       0x33 Src/trajectory.o
 .ARM.attributes
                0x0000000000000611       0x33 Src/usart.o
 .ARM.attributes
                0x0000000000000644       0x33 Src/usb.o
 .ARM.attributes
                0x0000000000000677       0x33 Src/user_diskio.o
 .ARM.attributes
                0x00000000000006aa       0x21 Startup/startup_stm32f103c8tx.o
 .ARM.attributes
                0x00000000000006cb       0x2d c:/st/stm32cubeide_1.0.2/stm32cubeide/plugins/com.st.stm32cube.ide.mcu.externaltools.gnu-tools-for-stm32.7-2018-q2-update.win32_1.0.0.201904181610/tools/bin/../lib/gcc/arm-none-eabi/7.3.1/../../../../arm-none-eabi/lib/thumb/v7-m\libc_nano.a(lib_a-errno.o)
 .ARM.attributes
                0x00000000000006f8       0x2d c:/st/stm32cubeide_1.0.2/stm32cubeide/plugins/com.st.stm32cube.ide.mcu.externaltools.gnu-tools-for-stm32.7-2018-q2-update.win32_1.0.0.201904181610/tools/bin/../lib/gcc/arm-none-eabi/7.3.1/../../../../arm-none-eabi/lib/thumb/v7-m\libc_nano.a(lib_a-impure.o)
 .ARM.attributes
                0x0000000000000725       0x2d c:/st/stm32cubeide_1.0.2/stm32cubeide/plugins/com.st.stm32cube.ide.mcu.externaltools.gnu-tools-for-stm32.7-2018-q2-update.win32_1.0.0.201904181610/tools/bin/../lib/gcc/arm-none-eabi/7.3.1/../../../../arm-none-eabi/lib/thumb/v7-m\libc_nano.a(lib_a-init.o)
 .ARM.attributes
                0x0000000000000752       0x2d c:/st/stm32cubeide_1.0.2/stm32cubeide/plugins/com.st.stm32cube.ide.mcu.externaltools.gnu-tools-for-stm32.7-2018-q2-update.win32_1.0.0.201904181610/tools/bin/../lib/gcc/arm-none-eabi/7.3.1/../../../../arm-none-eabi/lib/thumb/v7-m\libc_nano.a(lib_a-memset.o)
 .ARM.attributes
                0x000000000000077f       0x2d c:/st/stm32cubeide_1.0.2/stm32cubeide/plugins/com.st.stm32cube.ide.mcu.externaltools.gnu-tools-for-stm32.7-2018-q2-update.win32_1.0.0.201904181610/tools/bin/../lib/gcc/arm-none-eabi/7.3.1/../../../../arm-none-eabi/lib/thumb/v7-m\libm.a(lib_a-s_atan.o)
 .ARM.attributes
                0x00000000000007ac       0x2d c:/st/stm32cubeide_1.0.2/stm32cubeide/plugins/com.st.stm32cube.ide.mcu.externaltools.gnu-tools-for-stm32.7-2018-q2-update.win32_1.0.0.201904181610/tools/bin/../lib/gcc/arm-none-eabi/7.3.1/../../../../arm-none-eabi/lib/thumb/v7-m\libm.a(lib_a-s_cos.o)
 .ARM.attributes
                0x00000000000007d9       0x2d c:/st/stm32cubeide_1.0.2/stm32cubeide/plugins/com.st.stm32cube.ide.mcu.externaltools.gnu-tools-for-stm32.7-2018-q2-update.win32_1.0.0.201904181610/tools/bin/../lib/gcc/arm-none-eabi/7.3.1/../../../../arm-none-eabi/lib/thumb/v7-m\libm.a(lib_a-s_fabs.o)
 .ARM.attributes
                0x0000000000000806       0x2d c:/st/stm32cubeide_1.0.2/stm32cubeide/plugins/com.st.stm32cube.ide.mcu.externaltools.gnu-tools-for-stm32.7-2018-q2-update.win32_1.0.0.201904181610/tools/bin/../lib/gcc/arm-none-eabi/7.3.1/../../../../arm-none-eabi/lib/thumb/v7-m\libm.a(lib_a-s_sin.o)
 .ARM.attributes
                0x0000000000000833       0x2d c:/st/stm32cubeide_1.0.2/stm32cubeide/plugins/com.st.stm32cube.ide.mcu.externaltools.gnu-tools-for-stm32.7-2018-q2-update.win32_1.0.0.201904181610/tools/bin/../lib/gcc/arm-none-eabi/7.3.1/../../../../arm-none-eabi/lib/thumb/v7-m\libm.a(lib_a-w_sqrt.o)
 .ARM.attributes
                0x0000000000000860       0x2d c:/st/stm32cubeide_1.0.2/stm32cubeide/plugins/com.st.stm32cube.ide.mcu.externaltools.gnu-tools-for-stm32.7-2018-q2-update.win32_1.0.0.201904181610/tools/bin/../lib/gcc/arm-none-eabi/7.3.1/../../../../arm-none-eabi/lib/thumb/v7-m\libm.a(lib_a-e_rem_pio2.o)
 .ARM.attributes
                0x000000000000088d       0x2d c:/st/stm32cubeide_1.0.2/stm32cubeide/plugins/com.st.stm32cube.ide.mcu.externaltools.gnu-tools-for-stm32.7-2018-q2-update.win32_1.0.0.201904181610/tools/bin/../lib/gcc/arm-none-eabi/7.3.1/../../../../arm-none-eabi/lib/thumb/v7-m\libm.a(lib_a-e_sqrt.o)
 .ARM.attributes
                0x00000000000008ba       0x2d c:/st/stm32cubeide_1.0.2/stm32cubeide/plugins/com.st.stm32cube.ide.mcu.externaltools.gnu-tools-for-stm32.7-2018-q2-update.win32_1.0.0.201904181610/tools/bin/../lib/gcc/arm-none-eabi/7.3.1/../../../../arm-none-eabi/lib/thumb/v7-m\libm.a(lib_a-k_cos.o)
 .ARM.attributes
                0x00000000000008e7       0x2d c:/st/stm32cubeide_1.0.2/stm32cubeide/plugins/com.st.stm32cube.ide.mcu.externaltools.gnu-tools-for-stm32.7-2018-q2-update.win32_1.0.0.201904181610/tools/bin/../lib/gcc/arm-none-eabi/7.3.1/../../../../arm-none-eabi/lib/thumb/v7-m\libm.a(lib_a-k_rem_pio2.o)
 .ARM.attributes
                0x0000000000000914       0x2d c:/st/stm32cubeide_1.0.2/stm32cubeide/plugins/com.st.stm32cube.ide.mcu.externaltools.gnu-tools-for-stm32.7-2018-q2-update.win32_1.0.0.201904181610/tools/bin/../lib/gcc/arm-none-eabi/7.3.1/../../../../arm-none-eabi/lib/thumb/v7-m\libm.a(lib_a-k_sin.o)
 .ARM.attributes
                0x0000000000000941       0x2d c:/st/stm32cubeide_1.0.2/stm32cubeide/plugins/com.st.stm32cube.ide.mcu.externaltools.gnu-tools-for-stm32.7-2018-q2-update.win32_1.0.0.201904181610/tools/bin/../lib/gcc/arm-none-eabi/7.3.1/../../../../arm-none-eabi/lib/thumb/v7-m\libm.a(lib_a-s_floor.o)
 .ARM.attributes
                0x000000000000096e       0x2d c:/st/stm32cubeide_1.0.2/stm32cubeide/plugins/com.st.stm32cube.ide.mcu.externaltools.gnu-tools-for-stm32.7-2018-q2-update.win32_1.0.0.201904181610/tools/bin/../lib/gcc/arm-none-eabi/7.3.1/../../../../arm-none-eabi/lib/thumb/v7-m\libm.a(lib_a-s_lib_ver.o)
 .ARM.attributes
                0x000000000000099b       0x2d c:/st/stm32cubeide_1.0.2/stm32cubeide/plugins/com.st.stm32cube.ide.mcu.externaltools.gnu-tools-for-stm32.7-2018-q2-update.win32_1.0.0.201904181610/tools/bin/../lib/gcc/arm-none-eabi/7.3.1/../../../../arm-none-eabi/lib/thumb/v7-m\libm.a(lib_a-s_matherr.o)
 .ARM.attributes
                0x00000000000009c8       0x2d c:/st/stm32cubeide_1.0.2/stm32cubeide/plugins/com.st.stm32cube.ide.mcu.externaltools.gnu-tools-for-stm32.7-2018-q2-update.win32_1.0.0.201904181610/tools/bin/../lib/gcc/arm-none-eabi/7.3.1/../../../../arm-none-eabi/lib/thumb/v7-m\libm.a(lib_a-s_scalbn.o)
 .ARM.attributes
                0x00000000000009f5       0x2d c:/st/stm32cubeide_1.0.2/stm32cubeide/plugins/com.st.stm32cube.ide.mcu.externaltools.gnu-tools-for-stm32.7-2018-q2-update.win32_1.0.0.201904181610/tools/bin/../lib/gcc/arm-none-eabi/7.3.1/../../../../arm-none-eabi/lib/thumb/v7-m\libm.a(lib_a-s_copysign.o)
 .ARM.attributes
                0x0000000000000a22       0x1d c:/st/stm32cubeide_1.0.2/stm32cubeide/plugins/com.st.stm32cube.ide.mcu.externaltools.gnu-tools-for-stm32.7-2018-q2-update.win32_1.0.0.201904181610/tools/bin/../lib/gcc/arm-none-eabi/7.3.1/thumb/v7-m\libgcc.a(_arm_addsubdf3.o)
 .ARM.attributes
                0x0000000000000a3f       0x1d c:/st/stm32cubeide_1.0.2/stm32cubeide/plugins/com.st.stm32cube.ide.mcu.externaltools.gnu-tools-for-stm32.7-2018-q2-update.win32_1.0.0.201904181610/tools/bin/../lib/gcc/arm-none-eabi/7.3.1/thumb/v7-m\libgcc.a(_arm_muldivdf3.o)
 .ARM.attributes
                0x0000000000000a5c       0x1d c:/st/stm32cubeide_1.0.2/stm32cubeide/plugins/com.st.stm32cube.ide.mcu.externaltools.gnu-tools-for-stm32.7-2018-q2-update.win32_1.0.0.201904181610/tools/bin/../lib/gcc/arm-none-eabi/7.3.1/thumb/v7-m\libgcc.a(_arm_cmpdf2.o)
 .ARM.attributes
                0x0000000000000a79       0x1d c:/st/stm32cubeide_1.0.2/stm32cubeide/plugins/com.st.stm32cube.ide.mcu.externaltools.gnu-tools-for-stm32.7-2018-q2-update.win32_1.0.0.201904181610/tools/bin/../lib/gcc/arm-none-eabi/7.3.1/thumb/v7-m\libgcc.a(_arm_unorddf2.o)
 .ARM.attributes
                0x0000000000000a96       0x1d c:/st/stm32cubeide_1.0.2/stm32cubeide/plugins/com.st.stm32cube.ide.mcu.externaltools.gnu-tools-for-stm32.7-2018-q2-update.win32_1.0.0.201904181610/tools/bin/../lib/gcc/arm-none-eabi/7.3.1/thumb/v7-m\libgcc.a(_arm_fixdfsi.o)
 .ARM.attributes
                0x0000000000000ab3       0x1d c:/st/stm32cubeide_1.0.2/stm32cubeide/plugins/com.st.stm32cube.ide.mcu.externaltools.gnu-tools-for-stm32.7-2018-q2-update.win32_1.0.0.201904181610/tools/bin/../lib/gcc/arm-none-eabi/7.3.1/thumb/v7-m\libgcc.a(_arm_truncdfsf2.o)
 .ARM.attributes
                0x0000000000000ad0       0x1d c:/st/stm32cubeide_1.0.2/stm32cubeide/plugins/com.st.stm32cube.ide.mcu.externaltools.gnu-tools-for-stm32.7-2018-q2-update.win32_1.0.0.201904181610/tools/bin/../lib/gcc/arm-none-eabi/7.3.1/thumb/v7-m\libgcc.a(_arm_addsubsf3.o)
 .ARM.attributes
                0x0000000000000aed       0x1d c:/st/stm32cubeide_1.0.2/stm32cubeide/plugins/com.st.stm32cube.ide.mcu.externaltools.gnu-tools-for-stm32.7-2018-q2-update.win32_1.0.0.201904181610/tools/bin/../lib/gcc/arm-none-eabi/7.3.1/thumb/v7-m\libgcc.a(_arm_muldivsf3.o)
 .ARM.attributes
                0x0000000000000b0a       0x1d c:/st/stm32cubeide_1.0.2/stm32cubeide/plugins/com.st.stm32cube.ide.mcu.externaltools.gnu-tools-for-stm32.7-2018-q2-update.win32_1.0.0.201904181610/tools/bin/../lib/gcc/arm-none-eabi/7.3.1/thumb/v7-m\libgcc.a(_arm_cmpsf2.o)
 .ARM.attributes
                0x0000000000000b27       0x1d c:/st/stm32cubeide_1.0.2/stm32cubeide/plugins/com.st.stm32cube.ide.mcu.externaltools.gnu-tools-for-stm32.7-2018-q2-update.win32_1.0.0.201904181610/tools/bin/../lib/gcc/arm-none-eabi/7.3.1/thumb/v7-m\libgcc.a(_arm_fixsfsi.o)
 .ARM.attributes
                0x0000000000000b44       0x1d c:/st/stm32cubeide_1.0.2/stm32cubeide/plugins/com.st.stm32cube.ide.mcu.externaltools.gnu-tools-for-stm32.7-2018-q2-update.win32_1.0.0.201904181610/tools/bin/../lib/gcc/arm-none-eabi/7.3.1/thumb/v7-m/crtn.o
OUTPUT(Delta_WiperV2.elf elf32-littlearm)

.debug_info     0x0000000000000000    0x17681
 .debug_info    0x0000000000000000      0x6fe Drivers/STM32F1xx_HAL_Driver/Src/stm32f1xx_hal.o
 .debug_info    0x00000000000006fe      0xc61 Drivers/STM32F1xx_HAL_Driver/Src/stm32f1xx_hal_adc.o
 .debug_info    0x000000000000135f      0xb46 Drivers/STM32F1xx_HAL_Driver/Src/stm32f1xx_hal_cortex.o
 .debug_info    0x0000000000001ea5      0x681 Drivers/STM32F1xx_HAL_Driver/Src/stm32f1xx_hal_gpio.o
 .debug_info    0x0000000000002526      0xe38 Drivers/STM32F1xx_HAL_Driver/Src/stm32f1xx_hal_pcd.o
 .debug_info    0x000000000000335e      0x804 Drivers/STM32F1xx_HAL_Driver/Src/stm32f1xx_hal_rcc.o
 .debug_info    0x0000000000003b62      0x439 Drivers/STM32F1xx_HAL_Driver/Src/stm32f1xx_hal_rcc_ex.o
 .debug_info    0x0000000000003f9b     0x153a Drivers/STM32F1xx_HAL_Driver/Src/stm32f1xx_hal_spi.o
 .debug_info    0x00000000000054d5     0x2456 Drivers/STM32F1xx_HAL_Driver/Src/stm32f1xx_hal_tim.o
 .debug_info    0x000000000000792b     0x1104 Drivers/STM32F1xx_HAL_Driver/Src/stm32f1xx_hal_tim_ex.o
 .debug_info    0x0000000000008a2f     0x11e3 Drivers/STM32F1xx_HAL_Driver/Src/stm32f1xx_hal_uart.o
 .debug_info    0x0000000000009c12      0xe48 Drivers/STM32F1xx_HAL_Driver/Src/stm32f1xx_ll_tim.o
 .debug_info    0x000000000000aa5a     0x14f9 Drivers/STM32F1xx_HAL_Driver/Src/stm32f1xx_ll_usb.o
 .debug_info    0x000000000000bf53      0x4cc Middlewares/Third_Party/FatFs/src/ff_gen_drv.o
 .debug_info    0x000000000000c41f      0x869 Src/adc.o
 .debug_info    0x000000000000cc88      0x65f Src/encoder.o
 .debug_info    0x000000000000d2e7      0x601 Src/fatfs.o
 .debug_info    0x000000000000d8e8      0x52f Src/gpio.o
 .debug_info    0x000000000000de17      0xb79 Src/inverse_kinematics.o
 .debug_info    0x000000000000e990     0x1d92 Src/main.o
 .debug_info    0x0000000000010722      0x572 Src/motor.o
 .debug_info    0x0000000000010c94      0x6f3 Src/pid.o
 .debug_info    0x0000000000011387      0x883 Src/spi.o
 .debug_info    0x0000000000011c0a      0x346 Src/stm32f1xx_hal_msp.o
 .debug_info    0x0000000000011f50      0xeab Src/stm32f1xx_it.o
 .debug_info    0x0000000000012dfb      0x433 Src/system_stm32f1xx.o
 .debug_info    0x000000000001322e     0x133d Src/tim.o
 .debug_info    0x000000000001456b      0x396 Src/timer.o
 .debug_info    0x0000000000014901     0x10f7 Src/trajectory.o
 .debug_info    0x00000000000159f8      0x823 Src/usart.o
 .debug_info    0x000000000001621b      0x7ad Src/usb.o
 .debug_info    0x00000000000169c8      0xc97 Src/user_diskio.o
 .debug_info    0x000000000001765f       0x22 Startup/startup_stm32f103c8tx.o

.debug_abbrev   0x0000000000000000     0x3bc9
 .debug_abbrev  0x0000000000000000      0x1d8 Drivers/STM32F1xx_HAL_Driver/Src/stm32f1xx_hal.o
 .debug_abbrev  0x00000000000001d8      0x1d5 Drivers/STM32F1xx_HAL_Driver/Src/stm32f1xx_hal_adc.o
 .debug_abbrev  0x00000000000003ad      0x2d5 Drivers/STM32F1xx_HAL_Driver/Src/stm32f1xx_hal_cortex.o
 .debug_abbrev  0x0000000000000682      0x1c0 Drivers/STM32F1xx_HAL_Driver/Src/stm32f1xx_hal_gpio.o
 .debug_abbrev  0x0000000000000842      0x263 Drivers/STM32F1xx_HAL_Driver/Src/stm32f1xx_hal_pcd.o
 .debug_abbrev  0x0000000000000aa5      0x243 Drivers/STM32F1xx_HAL_Driver/Src/stm32f1xx_hal_rcc.o
 .debug_abbrev  0x0000000000000ce8      0x175 Drivers/STM32F1xx_HAL_Driver/Src/stm32f1xx_hal_rcc_ex.o
 .debug_abbrev  0x0000000000000e5d      0x240 Drivers/STM32F1xx_HAL_Driver/Src/stm32f1xx_hal_spi.o
 .debug_abbrev  0x000000000000109d      0x230 Drivers/STM32F1xx_HAL_Driver/Src/stm32f1xx_hal_tim.o
 .debug_abbrev  0x00000000000012cd      0x21e Drivers/STM32F1xx_HAL_Driver/Src/stm32f1xx_hal_tim_ex.o
 .debug_abbrev  0x00000000000014eb      0x242 Drivers/STM32F1xx_HAL_Driver/Src/stm32f1xx_hal_uart.o
 .debug_abbrev  0x000000000000172d      0x1ff Drivers/STM32F1xx_HAL_Driver/Src/stm32f1xx_ll_tim.o
 .debug_abbrev  0x000000000000192c      0x1c5 Drivers/STM32F1xx_HAL_Driver/Src/stm32f1xx_ll_usb.o
 .debug_abbrev  0x0000000000001af1      0x19c Middlewares/Third_Party/FatFs/src/ff_gen_drv.o
 .debug_abbrev  0x0000000000001c8d      0x199 Src/adc.o
 .debug_abbrev  0x0000000000001e26      0x1d4 Src/encoder.o
 .debug_abbrev  0x0000000000001ffa      0x18c Src/fatfs.o
 .debug_abbrev  0x0000000000002186      0x13d Src/gpio.o
 .debug_abbrev  0x00000000000022c3      0x1e2 Src/inverse_kinematics.o
 .debug_abbrev  0x00000000000024a5      0x297 Src/main.o
 .debug_abbrev  0x000000000000273c      0x1a7 Src/motor.o
 .debug_abbrev  0x00000000000028e3      0x1a2 Src/pid.o
 .debug_abbrev  0x0000000000002a85      0x199 Src/spi.o
 .debug_abbrev  0x0000000000002c1e      0x109 Src/stm32f1xx_hal_msp.o
 .debug_abbrev  0x0000000000002d27      0x251 Src/stm32f1xx_it.o
 .debug_abbrev  0x0000000000002f78      0x134 Src/system_stm32f1xx.o
 .debug_abbrev  0x00000000000030ac      0x251 Src/tim.o
 .debug_abbrev  0x00000000000032fd      0x14e Src/timer.o
 .debug_abbrev  0x000000000000344b      0x248 Src/trajectory.o
 .debug_abbrev  0x0000000000003693      0x199 Src/usart.o
 .debug_abbrev  0x000000000000382c      0x18b Src/usb.o
 .debug_abbrev  0x00000000000039b7      0x200 Src/user_diskio.o
 .debug_abbrev  0x0000000000003bb7       0x12 Startup/startup_stm32f103c8tx.o

.debug_aranges  0x0000000000000000     0x1580
 .debug_aranges
                0x0000000000000000       0xe0 Drivers/STM32F1xx_HAL_Driver/Src/stm32f1xx_hal.o
 .debug_aranges
                0x00000000000000e0       0xf0 Drivers/STM32F1xx_HAL_Driver/Src/stm32f1xx_hal_adc.o
 .debug_aranges
                0x00000000000001d0      0x100 Drivers/STM32F1xx_HAL_Driver/Src/stm32f1xx_hal_cortex.o
 .debug_aranges
                0x00000000000002d0       0x58 Drivers/STM32F1xx_HAL_Driver/Src/stm32f1xx_hal_gpio.o
 .debug_aranges
                0x0000000000000328      0x120 Drivers/STM32F1xx_HAL_Driver/Src/stm32f1xx_hal_pcd.o
 .debug_aranges
                0x0000000000000448       0x90 Drivers/STM32F1xx_HAL_Driver/Src/stm32f1xx_hal_rcc.o
 .debug_aranges
                0x00000000000004d8       0x30 Drivers/STM32F1xx_HAL_Driver/Src/stm32f1xx_hal_rcc_ex.o
 .debug_aranges
                0x0000000000000508      0x1d0 Drivers/STM32F1xx_HAL_Driver/Src/stm32f1xx_hal_spi.o
 .debug_aranges
                0x00000000000006d8      0x3a8 Drivers/STM32F1xx_HAL_Driver/Src/stm32f1xx_hal_tim.o
 .debug_aranges
                0x0000000000000a80      0x150 Drivers/STM32F1xx_HAL_Driver/Src/stm32f1xx_hal_tim_ex.o
 .debug_aranges
                0x0000000000000bd0      0x1d0 Drivers/STM32F1xx_HAL_Driver/Src/stm32f1xx_hal_uart.o
 .debug_aranges
                0x0000000000000da0      0x128 Drivers/STM32F1xx_HAL_Driver/Src/stm32f1xx_ll_tim.o
 .debug_aranges
                0x0000000000000ec8      0x108 Drivers/STM32F1xx_HAL_Driver/Src/stm32f1xx_ll_usb.o
 .debug_aranges
                0x0000000000000fd0       0x40 Middlewares/Third_Party/FatFs/src/ff_gen_drv.o
 .debug_aranges
                0x0000000000001010       0x30 Src/adc.o
 .debug_aranges
                0x0000000000001040       0x58 Src/encoder.o
 .debug_aranges
                0x0000000000001098       0x28 Src/fatfs.o
 .debug_aranges
                0x00000000000010c0       0x20 Src/gpio.o
 .debug_aranges
                0x00000000000010e0       0x30 Src/inverse_kinematics.o
 .debug_aranges
                0x0000000000001110       0x60 Src/main.o
 .debug_aranges
                0x0000000000001170       0x38 Src/motor.o
 .debug_aranges
                0x00000000000011a8       0x48 Src/pid.o
 .debug_aranges
                0x00000000000011f0       0x30 Src/spi.o
 .debug_aranges
                0x0000000000001220       0x20 Src/stm32f1xx_hal_msp.o
 .debug_aranges
                0x0000000000001240      0x110 Src/stm32f1xx_it.o
 .debug_aranges
                0x0000000000001350       0x28 Src/system_stm32f1xx.o
 .debug_aranges
                0x0000000000001378       0xa0 Src/tim.o
 .debug_aranges
                0x0000000000001418       0x60 Src/timer.o
 .debug_aranges
                0x0000000000001478       0x40 Src/trajectory.o
 .debug_aranges
                0x00000000000014b8       0x30 Src/usart.o
 .debug_aranges
                0x00000000000014e8       0x30 Src/usb.o
 .debug_aranges
                0x0000000000001518       0x40 Src/user_diskio.o
 .debug_aranges
                0x0000000000001558       0x28 Startup/startup_stm32f103c8tx.o

.debug_ranges   0x0000000000000000     0x1378
 .debug_ranges  0x0000000000000000       0xd0 Drivers/STM32F1xx_HAL_Driver/Src/stm32f1xx_hal.o
 .debug_ranges  0x00000000000000d0       0xe0 Drivers/STM32F1xx_HAL_Driver/Src/stm32f1xx_hal_adc.o
 .debug_ranges  0x00000000000001b0       0xf0 Drivers/STM32F1xx_HAL_Driver/Src/stm32f1xx_hal_cortex.o
 .debug_ranges  0x00000000000002a0       0x48 Drivers/STM32F1xx_HAL_Driver/Src/stm32f1xx_hal_gpio.o
 .debug_ranges  0x00000000000002e8      0x110 Drivers/STM32F1xx_HAL_Driver/Src/stm32f1xx_hal_pcd.o
 .debug_ranges  0x00000000000003f8       0x80 Drivers/STM32F1xx_HAL_Driver/Src/stm32f1xx_hal_rcc.o
 .debug_ranges  0x0000000000000478       0x20 Drivers/STM32F1xx_HAL_Driver/Src/stm32f1xx_hal_rcc_ex.o
 .debug_ranges  0x0000000000000498      0x1c0 Drivers/STM32F1xx_HAL_Driver/Src/stm32f1xx_hal_spi.o
 .debug_ranges  0x0000000000000658      0x398 Drivers/STM32F1xx_HAL_Driver/Src/stm32f1xx_hal_tim.o
 .debug_ranges  0x00000000000009f0      0x140 Drivers/STM32F1xx_HAL_Driver/Src/stm32f1xx_hal_tim_ex.o
 .debug_ranges  0x0000000000000b30      0x1c0 Drivers/STM32F1xx_HAL_Driver/Src/stm32f1xx_hal_uart.o
 .debug_ranges  0x0000000000000cf0      0x118 Drivers/STM32F1xx_HAL_Driver/Src/stm32f1xx_ll_tim.o
 .debug_ranges  0x0000000000000e08       0xf8 Drivers/STM32F1xx_HAL_Driver/Src/stm32f1xx_ll_usb.o
 .debug_ranges  0x0000000000000f00       0x30 Middlewares/Third_Party/FatFs/src/ff_gen_drv.o
 .debug_ranges  0x0000000000000f30       0x20 Src/adc.o
 .debug_ranges  0x0000000000000f50       0x48 Src/encoder.o
 .debug_ranges  0x0000000000000f98       0x18 Src/fatfs.o
 .debug_ranges  0x0000000000000fb0       0x10 Src/gpio.o
 .debug_ranges  0x0000000000000fc0       0x20 Src/inverse_kinematics.o
 .debug_ranges  0x0000000000000fe0       0x50 Src/main.o
 .debug_ranges  0x0000000000001030       0x28 Src/motor.o
 .debug_ranges  0x0000000000001058       0x38 Src/pid.o
 .debug_ranges  0x0000000000001090       0x20 Src/spi.o
 .debug_ranges  0x00000000000010b0       0x10 Src/stm32f1xx_hal_msp.o
 .debug_ranges  0x00000000000010c0      0x100 Src/stm32f1xx_it.o
 .debug_ranges  0x00000000000011c0       0x18 Src/system_stm32f1xx.o
 .debug_ranges  0x00000000000011d8       0x90 Src/tim.o
 .debug_ranges  0x0000000000001268       0x50 Src/timer.o
 .debug_ranges  0x00000000000012b8       0x30 Src/trajectory.o
 .debug_ranges  0x00000000000012e8       0x20 Src/usart.o
 .debug_ranges  0x0000000000001308       0x20 Src/usb.o
 .debug_ranges  0x0000000000001328       0x30 Src/user_diskio.o
 .debug_ranges  0x0000000000001358       0x20 Startup/startup_stm32f103c8tx.o

.debug_macro    0x0000000000000000    0x18127
 .debug_macro   0x0000000000000000      0x200 Drivers/STM32F1xx_HAL_Driver/Src/stm32f1xx_hal.o
 .debug_macro   0x0000000000000200      0xa60 Drivers/STM32F1xx_HAL_Driver/Src/stm32f1xx_hal.o
 .debug_macro   0x0000000000000c60      0x22d Drivers/STM32F1xx_HAL_Driver/Src/stm32f1xx_hal.o
 .debug_macro   0x0000000000000e8d       0x2e Drivers/STM32F1xx_HAL_Driver/Src/stm32f1xx_hal.o
 .debug_macro   0x0000000000000ebb       0x22 Drivers/STM32F1xx_HAL_Driver/Src/stm32f1xx_hal.o
 .debug_macro   0x0000000000000edd       0x22 Drivers/STM32F1xx_HAL_Driver/Src/stm32f1xx_hal.o
 .debug_macro   0x0000000000000eff       0x8e Drivers/STM32F1xx_HAL_Driver/Src/stm32f1xx_hal.o
 .debug_macro   0x0000000000000f8d       0x51 Drivers/STM32F1xx_HAL_Driver/Src/stm32f1xx_hal.o
 .debug_macro   0x0000000000000fde       0xef Drivers/STM32F1xx_HAL_Driver/Src/stm32f1xx_hal.o
 .debug_macro   0x00000000000010cd       0x6a Drivers/STM32F1xx_HAL_Driver/Src/stm32f1xx_hal.o
 .debug_macro   0x0000000000001137      0x1df Drivers/STM32F1xx_HAL_Driver/Src/stm32f1xx_hal.o
 .debug_macro   0x0000000000001316       0x1c Drivers/STM32F1xx_HAL_Driver/Src/stm32f1xx_hal.o
 .debug_macro   0x0000000000001332       0x22 Drivers/STM32F1xx_HAL_Driver/Src/stm32f1xx_hal.o
 .debug_macro   0x0000000000001354       0xc3 Drivers/STM32F1xx_HAL_Driver/Src/stm32f1xx_hal.o
 .debug_macro   0x0000000000001417      0xd23 Drivers/STM32F1xx_HAL_Driver/Src/stm32f1xx_hal.o
 .debug_macro   0x000000000000213a     0xe09e Drivers/STM32F1xx_HAL_Driver/Src/stm32f1xx_hal.o
 .debug_macro   0x00000000000101d8       0x43 Drivers/STM32F1xx_HAL_Driver/Src/stm32f1xx_hal.o
 .debug_macro   0x000000000001021b      0x174 Drivers/STM32F1xx_HAL_Driver/Src/stm32f1xx_hal.o
 .debug_macro   0x000000000001038f       0x5a Drivers/STM32F1xx_HAL_Driver/Src/stm32f1xx_hal.o
 .debug_macro   0x00000000000103e9      0x5be Drivers/STM32F1xx_HAL_Driver/Src/stm32f1xx_hal.o
 .debug_macro   0x00000000000109a7      0x289 Drivers/STM32F1xx_HAL_Driver/Src/stm32f1xx_hal.o
 .debug_macro   0x0000000000010c30      0x1cb Drivers/STM32F1xx_HAL_Driver/Src/stm32f1xx_hal.o
 .debug_macro   0x0000000000010dfb      0x114 Drivers/STM32F1xx_HAL_Driver/Src/stm32f1xx_hal.o
 .debug_macro   0x0000000000010f0f      0x1b2 Drivers/STM32F1xx_HAL_Driver/Src/stm32f1xx_hal.o
 .debug_macro   0x00000000000110c1       0x27 Drivers/STM32F1xx_HAL_Driver/Src/stm32f1xx_hal.o
 .debug_macro   0x00000000000110e8      0x136 Drivers/STM32F1xx_HAL_Driver/Src/stm32f1xx_hal.o
 .debug_macro   0x000000000001121e      0x1bc Drivers/STM32F1xx_HAL_Driver/Src/stm32f1xx_hal.o
 .debug_macro   0x00000000000113da       0x34 Drivers/STM32F1xx_HAL_Driver/Src/stm32f1xx_hal.o
 .debug_macro   0x000000000001140e       0x3c Drivers/STM32F1xx_HAL_Driver/Src/stm32f1xx_hal.o
 .debug_macro   0x000000000001144a       0x57 Drivers/STM32F1xx_HAL_Driver/Src/stm32f1xx_hal.o
 .debug_macro   0x00000000000114a1      0x46a Drivers/STM32F1xx_HAL_Driver/Src/stm32f1xx_hal.o
 .debug_macro   0x000000000001190b      0x1b5 Drivers/STM32F1xx_HAL_Driver/Src/stm32f1xx_hal.o
 .debug_macro   0x0000000000011ac0       0x88 Drivers/STM32F1xx_HAL_Driver/Src/stm32f1xx_hal.o
 .debug_macro   0x0000000000011b48      0x241 Drivers/STM32F1xx_HAL_Driver/Src/stm32f1xx_hal.o
 .debug_macro   0x0000000000011d89      0x141 Drivers/STM32F1xx_HAL_Driver/Src/stm32f1xx_hal.o
 .debug_macro   0x0000000000011eca      0x217 Drivers/STM32F1xx_HAL_Driver/Src/stm32f1xx_hal.o
 .debug_macro   0x00000000000120e1      0x88b Drivers/STM32F1xx_HAL_Driver/Src/stm32f1xx_hal.o
 .debug_macro   0x000000000001296c      0x26b Drivers/STM32F1xx_HAL_Driver/Src/stm32f1xx_hal.o
 .debug_macro   0x0000000000012bd7       0x65 Drivers/STM32F1xx_HAL_Driver/Src/stm32f1xx_hal.o
 .debug_macro   0x0000000000012c3c      0x249 Drivers/STM32F1xx_HAL_Driver/Src/stm32f1xx_hal.o
 .debug_macro   0x0000000000012e85       0x83 Drivers/STM32F1xx_HAL_Driver/Src/stm32f1xx_hal.o
 .debug_macro   0x0000000000012f08      0x1f9 Drivers/STM32F1xx_HAL_Driver/Src/stm32f1xx_hal_adc.o
 .debug_macro   0x0000000000013101      0x1dc Drivers/STM32F1xx_HAL_Driver/Src/stm32f1xx_hal_cortex.o
 .debug_macro   0x00000000000132dd      0x247 Drivers/STM32F1xx_HAL_Driver/Src/stm32f1xx_hal_gpio.o
 .debug_macro   0x0000000000013524      0x1e8 Drivers/STM32F1xx_HAL_Driver/Src/stm32f1xx_hal_pcd.o
 .debug_macro   0x000000000001370c      0x1ee Drivers/STM32F1xx_HAL_Driver/Src/stm32f1xx_hal_rcc.o
 .debug_macro   0x00000000000138fa      0x1dc Drivers/STM32F1xx_HAL_Driver/Src/stm32f1xx_hal_rcc_ex.o
 .debug_macro   0x0000000000013ad6      0x1e4 Drivers/STM32F1xx_HAL_Driver/Src/stm32f1xx_hal_spi.o
 .debug_macro   0x0000000000013cba      0x1dd Drivers/STM32F1xx_HAL_Driver/Src/stm32f1xx_hal_tim.o
 .debug_macro   0x0000000000013e97      0x1dc Drivers/STM32F1xx_HAL_Driver/Src/stm32f1xx_hal_tim_ex.o
 .debug_macro   0x0000000000014073      0x1dd Drivers/STM32F1xx_HAL_Driver/Src/stm32f1xx_hal_uart.o
 .debug_macro   0x0000000000014250      0x267 Drivers/STM32F1xx_HAL_Driver/Src/stm32f1xx_ll_tim.o
 .debug_macro   0x00000000000144b7      0x574 Drivers/STM32F1xx_HAL_Driver/Src/stm32f1xx_ll_tim.o
 .debug_macro   0x0000000000014a2b      0x1dc Drivers/STM32F1xx_HAL_Driver/Src/stm32f1xx_ll_usb.o
 .debug_macro   0x0000000000014c07      0x285 Middlewares/Third_Party/FatFs/src/ff_gen_drv.o
 .debug_macro   0x0000000000014e8c      0x24f Src/adc.o
 .debug_macro   0x00000000000150db      0x26c Src/encoder.o
 .debug_macro   0x0000000000015347       0x22 Src/encoder.o
 .debug_macro   0x0000000000015369       0x3a Src/encoder.o
 .debug_macro   0x00000000000153a3       0x28 Src/encoder.o
 .debug_macro   0x00000000000153cb      0x298 Src/fatfs.o
 .debug_macro   0x0000000000015663      0x24f Src/gpio.o