stm32f1xx_ll_tim.h:1007:22:LL_TIM_EnableCounter	16	static
stm32f1xx_ll_tim.h:1018:22:LL_TIM_DisableCounter	16	static
stm32f1xx_ll_tim.h:2923:22:LL_TIM_ClearFlag_UPDATE	16	static
stm32f1xx_ll_tim.h:2945:22:LL_TIM_ClearFlag_CC1	16	static
stm32f1xx_ll_tim.h:2956:26:LL_TIM_IsActiveFlag_CC1	16	static
stm32f1xx_ll_tim.h:2967:22:LL_TIM_ClearFlag_CC2	16	static
stm32f1xx_ll_tim.h:2978:26:LL_TIM_IsActiveFlag_CC2	16	static
stm32f1xx_ll_tim.h:2989:22:LL_TIM_ClearFlag_CC3	16	static
stm32f1xx_ll_tim.h:3000:26:LL_TIM_IsActiveFlag_CC3	16	static
stm32f1xx_ll_tim.h:3011:22:LL_TIM_ClearFlag_CC4	16	static
stm32f1xx_ll_tim.h:3022:26:LL_TIM_IsActiveFlag_CC4	16	static
stm32f1xx_it.c:85:6:NMI_Handler	4	static
stm32f1xx_it.c:98:6:HardFault_Handler	4	static
stm32f1xx_it.c:113:6:MemManage_Handler	4	static
stm32f1xx_it.c:128:6:BusFault_Handler	4	static
stm32f1xx_it.c:143:6:UsageFault_Handler	4	static
stm32f1xx_it.c:158:6:SVC_Handler	4	static
stm32f1xx_it.c:171:6:DebugMon_Handler	4	static
stm32f1xx_it.c:184:6:PendSV_Handler	4	static
stm32f1xx_it.c:197:6:SysTick_Handler	8	static
stm32f1xx_it.c:218:6:EXTI0_IRQHandler	8	static
stm32f1xx_it.c:237:6:EXTI1_IRQHandler	8	static
stm32f1xx_it.c:255:6:EXTI9_5_IRQHandler	8	static
stm32f1xx_it.c:273:6:TIM1_BRK_IRQHandler	4	static
stm32f1xx_it.c:286:6:TIM1_UP_IRQHandler	8	static
stm32f1xx_it.c:306:6:TIM1_TRG_COM_IRQHandler	4	static
stm32f1xx_it.c:319:6:TIM1_CC_IRQHandler	8	static
stm32f1xx_it.c:408:6:TIM2_IRQHandler	8	static
stm32f1xx_it.c:421:6:TIM3_IRQHandler	8	static
stm32f1xx_it.c:435:6:TIM4_IRQHandler	8	static
stm32f1xx_it.c:447:6:HAL_TIM_PWM_PulseFinishedCallback	16	static
